Archive member included to satisfy reference by file (symbol)

../nuevaPrueba_bsp/\libhal_bsp.a(alt_load.o)
                              ../nuevaPrueba_bsp//obj/HAL/src/crt0.o (alt_load)
../nuevaPrueba_bsp/\libhal_bsp.a(alt_main.o)
                              ../nuevaPrueba_bsp//obj/HAL/src/crt0.o (alt_main)
../nuevaPrueba_bsp/\libhal_bsp.a(alt_sys_init.o)
                              ../nuevaPrueba_bsp/\libhal_bsp.a(alt_main.o) (alt_irq_init)
../nuevaPrueba_bsp/\libhal_bsp.a(altera_avalon_jtag_uart_fd.o)
                              ../nuevaPrueba_bsp/\libhal_bsp.a(alt_sys_init.o) (altera_avalon_jtag_uart_read_fd)
../nuevaPrueba_bsp/\libhal_bsp.a(altera_avalon_jtag_uart_init.o)
                              ../nuevaPrueba_bsp/\libhal_bsp.a(alt_sys_init.o) (altera_avalon_jtag_uart_init)
../nuevaPrueba_bsp/\libhal_bsp.a(altera_avalon_jtag_uart_ioctl.o)
                              ../nuevaPrueba_bsp/\libhal_bsp.a(altera_avalon_jtag_uart_fd.o) (altera_avalon_jtag_uart_ioctl)
../nuevaPrueba_bsp/\libhal_bsp.a(altera_avalon_jtag_uart_read.o)
                              ../nuevaPrueba_bsp/\libhal_bsp.a(altera_avalon_jtag_uart_fd.o) (altera_avalon_jtag_uart_read)
../nuevaPrueba_bsp/\libhal_bsp.a(altera_avalon_jtag_uart_write.o)
                              ../nuevaPrueba_bsp/\libhal_bsp.a(altera_avalon_jtag_uart_fd.o) (altera_avalon_jtag_uart_write)
../nuevaPrueba_bsp/\libhal_bsp.a(alt_alarm_start.o)
                              ../nuevaPrueba_bsp/\libhal_bsp.a(altera_avalon_jtag_uart_init.o) (alt_alarm_start)
../nuevaPrueba_bsp/\libhal_bsp.a(alt_close.o)
                              ../nuevaPrueba_bsp/\libhal_bsp.a(alt_main.o) (close)
../nuevaPrueba_bsp/\libhal_bsp.a(alt_dcache_flush_all.o)
                              ../nuevaPrueba_bsp/\libhal_bsp.a(alt_load.o) (alt_dcache_flush_all)
../nuevaPrueba_bsp/\libhal_bsp.a(alt_dev.o)
                              ../nuevaPrueba_bsp/\libhal_bsp.a(alt_sys_init.o) (alt_dev_list)
../nuevaPrueba_bsp/\libhal_bsp.a(alt_dev_llist_insert.o)
                              ../nuevaPrueba_bsp/\libhal_bsp.a(alt_sys_init.o) (alt_dev_llist_insert)
../nuevaPrueba_bsp/\libhal_bsp.a(alt_do_ctors.o)
                              ../nuevaPrueba_bsp/\libhal_bsp.a(alt_main.o) (_do_ctors)
../nuevaPrueba_bsp/\libhal_bsp.a(alt_do_dtors.o)
                              ../nuevaPrueba_bsp/\libhal_bsp.a(alt_main.o) (_do_dtors)
../nuevaPrueba_bsp/\libhal_bsp.a(alt_errno.o)
                              ../nuevaPrueba_bsp/\libhal_bsp.a(alt_close.o) (alt_errno)
../nuevaPrueba_bsp/\libhal_bsp.a(alt_icache_flush_all.o)
                              ../nuevaPrueba_bsp/\libhal_bsp.a(alt_load.o) (alt_icache_flush_all)
../nuevaPrueba_bsp/\libhal_bsp.a(alt_iic.o)
                              ../nuevaPrueba_bsp/\libhal_bsp.a(altera_avalon_jtag_uart_init.o) (alt_ic_isr_register)
../nuevaPrueba_bsp/\libhal_bsp.a(alt_iic_isr_register.o)
                              ../nuevaPrueba_bsp/\libhal_bsp.a(alt_iic.o) (alt_iic_isr_register)
../nuevaPrueba_bsp/\libhal_bsp.a(alt_io_redirect.o)
                              ../nuevaPrueba_bsp/\libhal_bsp.a(alt_main.o) (alt_io_redirect)
../nuevaPrueba_bsp/\libhal_bsp.a(alt_irq_entry.o)
                              ../nuevaPrueba_bsp/\libhal_bsp.a(alt_iic_isr_register.o) (alt_irq_entry)
../nuevaPrueba_bsp/\libhal_bsp.a(alt_irq_handler.o)
                              ../nuevaPrueba_bsp/\libhal_bsp.a(alt_iic_isr_register.o) (alt_irq)
../nuevaPrueba_bsp/\libhal_bsp.a(alt_irq_vars.o)
                              ../nuevaPrueba_bsp/\libhal_bsp.a(alt_iic.o) (alt_irq_active)
../nuevaPrueba_bsp/\libhal_bsp.a(alt_open.o)
                              ../nuevaPrueba_bsp/\libhal_bsp.a(alt_io_redirect.o) (open)
../nuevaPrueba_bsp/\libhal_bsp.a(alt_release_fd.o)
                              ../nuevaPrueba_bsp/\libhal_bsp.a(alt_close.o) (alt_release_fd)
../nuevaPrueba_bsp/\libhal_bsp.a(alt_tick.o)
                              ../nuevaPrueba_bsp/\libhal_bsp.a(altera_avalon_jtag_uart_init.o) (_alt_tick_rate)
../nuevaPrueba_bsp/\libhal_bsp.a(altera_nios2_gen2_irq.o)
                              ../nuevaPrueba_bsp/\libhal_bsp.a(alt_sys_init.o) (altera_nios2_gen2_irq_init)
../nuevaPrueba_bsp/\libhal_bsp.a(alt_exception_entry.o)
                              ../nuevaPrueba_bsp/\libhal_bsp.a(alt_irq_entry.o) (alt_exception)
../nuevaPrueba_bsp/\libhal_bsp.a(alt_find_dev.o)
                              ../nuevaPrueba_bsp/\libhal_bsp.a(alt_open.o) (alt_find_dev)
../nuevaPrueba_bsp/\libhal_bsp.a(alt_find_file.o)
                              ../nuevaPrueba_bsp/\libhal_bsp.a(alt_open.o) (alt_find_file)
../nuevaPrueba_bsp/\libhal_bsp.a(alt_get_fd.o)
                              ../nuevaPrueba_bsp/\libhal_bsp.a(alt_open.o) (alt_get_fd)
../nuevaPrueba_bsp/\libhal_bsp.a(alt_instruction_exception_entry.o)
                              ../nuevaPrueba_bsp/\libhal_bsp.a(alt_exception_entry.o) (alt_instruction_exception_entry)
c:/intelfpga_lite/17.1/nios2eds/bin/gnu/h-x86_64-mingw32/bin/../lib/gcc/nios2-elf/5.3.0/../../../../../H-x86_64-mingw32/nios2-elf/lib/mno-hw-mul\libc.a(lib_a-atexit.o)
                              ../nuevaPrueba_bsp/\libhal_bsp.a(alt_main.o) (atexit)
c:/intelfpga_lite/17.1/nios2eds/bin/gnu/h-x86_64-mingw32/bin/../lib/gcc/nios2-elf/5.3.0/../../../../../H-x86_64-mingw32/nios2-elf/lib/mno-hw-mul\libc.a(lib_a-exit.o)
                              ../nuevaPrueba_bsp/\libhal_bsp.a(alt_main.o) (exit)
c:/intelfpga_lite/17.1/nios2eds/bin/gnu/h-x86_64-mingw32/bin/../lib/gcc/nios2-elf/5.3.0/../../../../../H-x86_64-mingw32/nios2-elf/lib/mno-hw-mul\libc.a(lib_a-impure.o)
                              c:/intelfpga_lite/17.1/nios2eds/bin/gnu/h-x86_64-mingw32/bin/../lib/gcc/nios2-elf/5.3.0/../../../../../H-x86_64-mingw32/nios2-elf/lib/mno-hw-mul\libc.a(lib_a-exit.o) (_global_impure_ptr)
c:/intelfpga_lite/17.1/nios2eds/bin/gnu/h-x86_64-mingw32/bin/../lib/gcc/nios2-elf/5.3.0/../../../../../H-x86_64-mingw32/nios2-elf/lib/mno-hw-mul\libc.a(lib_a-int_errno.o)
                              ../nuevaPrueba_bsp/\libhal_bsp.a(alt_close.o) (errno)
c:/intelfpga_lite/17.1/nios2eds/bin/gnu/h-x86_64-mingw32/bin/../lib/gcc/nios2-elf/5.3.0/../../../../../H-x86_64-mingw32/nios2-elf/lib/mno-hw-mul\libc.a(lib_a-memcmp.o)
                              ../nuevaPrueba_bsp/\libhal_bsp.a(alt_find_dev.o) (memcmp)
c:/intelfpga_lite/17.1/nios2eds/bin/gnu/h-x86_64-mingw32/bin/../lib/gcc/nios2-elf/5.3.0/../../../../../H-x86_64-mingw32/nios2-elf/lib/mno-hw-mul\libc.a(lib_a-memcpy.o)
                              ../nuevaPrueba_bsp/\libhal_bsp.a(altera_avalon_jtag_uart_read.o) (memcpy)
c:/intelfpga_lite/17.1/nios2eds/bin/gnu/h-x86_64-mingw32/bin/../lib/gcc/nios2-elf/5.3.0/../../../../../H-x86_64-mingw32/nios2-elf/lib/mno-hw-mul\libc.a(lib_a-strlen.o)
                              ../nuevaPrueba_bsp/\libhal_bsp.a(alt_find_dev.o) (strlen)
c:/intelfpga_lite/17.1/nios2eds/bin/gnu/h-x86_64-mingw32/bin/../lib/gcc/nios2-elf/5.3.0/../../../../../H-x86_64-mingw32/nios2-elf/lib/mno-hw-mul\libc.a(lib_a-__atexit.o)
                              c:/intelfpga_lite/17.1/nios2eds/bin/gnu/h-x86_64-mingw32/bin/../lib/gcc/nios2-elf/5.3.0/../../../../../H-x86_64-mingw32/nios2-elf/lib/mno-hw-mul\libc.a(lib_a-atexit.o) (__register_exitproc)
c:/intelfpga_lite/17.1/nios2eds/bin/gnu/h-x86_64-mingw32/bin/../lib/gcc/nios2-elf/5.3.0/../../../../../H-x86_64-mingw32/nios2-elf/lib/mno-hw-mul\libc.a(lib_a-__call_atexit.o)
                              c:/intelfpga_lite/17.1/nios2eds/bin/gnu/h-x86_64-mingw32/bin/../lib/gcc/nios2-elf/5.3.0/../../../../../H-x86_64-mingw32/nios2-elf/lib/mno-hw-mul\libc.a(lib_a-exit.o) (__call_exitprocs)
c:/intelfpga_lite/17.1/nios2eds/bin/gnu/h-x86_64-mingw32/bin/../lib/gcc/nios2-elf/5.3.0/mno-hw-mul\libgcc.a(lib2-mul.o)
                              ../nuevaPrueba_bsp/\libhal_bsp.a(alt_close.o) (__mulsi3)
../nuevaPrueba_bsp/\libhal_bsp.a(alt_exit.o)
                              c:/intelfpga_lite/17.1/nios2eds/bin/gnu/h-x86_64-mingw32/bin/../lib/gcc/nios2-elf/5.3.0/../../../../../H-x86_64-mingw32/nios2-elf/lib/mno-hw-mul\libc.a(lib_a-exit.o) (_exit)

Allocating common symbols
Common symbol       size              file

alt_irq             0x100             ../nuevaPrueba_bsp/\libhal_bsp.a(alt_irq_handler.o)
errno               0x4               c:/intelfpga_lite/17.1/nios2eds/bin/gnu/h-x86_64-mingw32/bin/../lib/gcc/nios2-elf/5.3.0/../../../../../H-x86_64-mingw32/nios2-elf/lib/mno-hw-mul\libc.a(lib_a-int_errno.o)

Memory Configuration

Name             Origin             Length             Attributes
reset            0x0000000000000000 0x0000000000000020
onchip_memory2_0 0x0000000000000020 0x0000000000000fe0
*default*        0x0000000000000000 0xffffffffffffffff

Linker script and memory map

LOAD ../nuevaPrueba_bsp//obj/HAL/src/crt0.o
LOAD obj/default/hello_world.o
LOAD c:/intelfpga_lite/17.1/nios2eds/bin/gnu/h-x86_64-mingw32/bin/../lib/gcc/nios2-elf/5.3.0/../../../../../H-x86_64-mingw32/nios2-elf/lib/mno-hw-mul\libstdc++.a
LOAD c:/intelfpga_lite/17.1/nios2eds/bin/gnu/h-x86_64-mingw32/bin/../lib/gcc/nios2-elf/5.3.0/../../../../../H-x86_64-mingw32/nios2-elf/lib/mno-hw-mul\libm.a
LOAD c:/intelfpga_lite/17.1/nios2eds/bin/gnu/h-x86_64-mingw32/bin/../lib/gcc/nios2-elf/5.3.0/mno-hw-mul\libgcc.a
START GROUP
LOAD c:/intelfpga_lite/17.1/nios2eds/bin/gnu/h-x86_64-mingw32/bin/../lib/gcc/nios2-elf/5.3.0/../../../../../H-x86_64-mingw32/nios2-elf/lib/mno-hw-mul\libc.a
LOAD c:/intelfpga_lite/17.1/nios2eds/bin/gnu/h-x86_64-mingw32/bin/../lib/gcc/nios2-elf/5.3.0/mno-hw-mul\libgcc.a
LOAD ../nuevaPrueba_bsp/\libhal_bsp.a
LOAD c:/intelfpga_lite/17.1/nios2eds/bin/gnu/h-x86_64-mingw32/bin/../lib/gcc/nios2-elf/5.3.0/../../../../../H-x86_64-mingw32/nios2-elf/lib/mno-hw-mul\libm.a
END GROUP
LOAD c:/intelfpga_lite/17.1/nios2eds/bin/gnu/h-x86_64-mingw32/bin/../lib/gcc/nios2-elf/5.3.0/mno-hw-mul\libgcc.a
                0x0000000000000000                __alt_mem_onchip_memory2_0 = 0x0

.entry          0x0000000000000000       0x20
 *(.entry)
 .entry         0x0000000000000000       0x20 ../nuevaPrueba_bsp//obj/HAL/src/crt0.o
                0x0000000000000000                __reset

.exceptions     0x0000000000000020      0x210
                0x0000000000000020                PROVIDE (__ram_exceptions_start, ABSOLUTE (.))
                0x0000000000000020                . = ALIGN (0x20)
 *(.irq)
 *(.exceptions.entry.label)
 .exceptions.entry.label
                0x0000000000000020        0x0 ../nuevaPrueba_bsp/\libhal_bsp.a(alt_irq_entry.o)
                0x0000000000000020                alt_irq_entry
 .exceptions.entry.label
                0x0000000000000020        0x0 ../nuevaPrueba_bsp/\libhal_bsp.a(alt_exception_entry.o)
                0x0000000000000020                alt_exception
 *(.exceptions.entry.user)
 *(.exceptions.entry.ecc_fatal)
 *(.exceptions.entry)
 .exceptions.entry
                0x0000000000000020       0x54 ../nuevaPrueba_bsp/\libhal_bsp.a(alt_exception_entry.o)
 *(.exceptions.irqtest.user)
 *(.exceptions.irqtest)
 .exceptions.irqtest
                0x0000000000000074       0x10 ../nuevaPrueba_bsp/\libhal_bsp.a(alt_irq_entry.o)
 *(.exceptions.irqhandler.user)
 *(.exceptions.irqhandler)
 .exceptions.irqhandler
                0x0000000000000084        0x4 ../nuevaPrueba_bsp/\libhal_bsp.a(alt_irq_entry.o)
 *(.exceptions.irqreturn.user)
 *(.exceptions.irqreturn)
 .exceptions.irqreturn
                0x0000000000000088        0x4 ../nuevaPrueba_bsp/\libhal_bsp.a(alt_irq_entry.o)
 *(.exceptions.notirq.label)
 .exceptions.notirq.label
                0x000000000000008c        0x0 ../nuevaPrueba_bsp/\libhal_bsp.a(alt_irq_entry.o)
 *(.exceptions.notirq.user)
 *(.exceptions.notirq)
 .exceptions.notirq
                0x000000000000008c        0x8 ../nuevaPrueba_bsp/\libhal_bsp.a(alt_exception_entry.o)
 *(.exceptions.soft.user)
 *(.exceptions.soft)
 *(.exceptions.unknown.user)
 *(.exceptions.unknown)
 .exceptions.unknown
                0x0000000000000094       0x14 ../nuevaPrueba_bsp/\libhal_bsp.a(alt_exception_entry.o)
 *(.exceptions.exit.label)
 .exceptions.exit.label
                0x00000000000000a8        0x0 ../nuevaPrueba_bsp/\libhal_bsp.a(alt_irq_entry.o)
 .exceptions.exit.label
                0x00000000000000a8        0x0 ../nuevaPrueba_bsp/\libhal_bsp.a(alt_exception_entry.o)
 *(.exceptions.exit.user)
 *(.exceptions.exit)
 .exceptions.exit
                0x00000000000000a8       0x54 ../nuevaPrueba_bsp/\libhal_bsp.a(alt_exception_entry.o)
 *(.exceptions)
 .exceptions    0x00000000000000fc       0xd4 ../nuevaPrueba_bsp/\libhal_bsp.a(alt_irq_handler.o)
                0x00000000000000fc                alt_irq_handler
 .exceptions    0x00000000000001d0       0x60 ../nuevaPrueba_bsp/\libhal_bsp.a(alt_instruction_exception_entry.o)
                0x00000000000001d0                alt_instruction_exception_entry
                0x0000000000000230                PROVIDE (__ram_exceptions_end, ABSOLUTE (.))
                0x0000000000000020                PROVIDE (__flash_exceptions_start, LOADADDR (.exceptions))

.text           0x0000000000000230     0x2290
                [!provide]                        PROVIDE (stext, ABSOLUTE (.))
 *(.interp)
 *(.hash)
 *(.dynsym)
 *(.dynstr)
 *(.gnu.version)
 *(.gnu.version_d)
 *(.gnu.version_r)
 *(.rel.init)
 *(.rela.init)
 *(.rel.text .rel.text.* .rel.gnu.linkonce.t.*)
 *(.rela.text .rela.text.* .rela.gnu.linkonce.t.*)
 *(.rel.fini)
 *(.rela.fini)
 *(.rel.rodata .rel.rodata.* .rel.gnu.linkonce.r.*)
 *(.rela.rodata .rela.rodata.* .rela.gnu.linkonce.r.*)
 *(.rel.data .rel.data.* .rel.gnu.linkonce.d.*)
 *(.rela.data .rela.data.* .rela.gnu.linkonce.d.*)
 *(.rel.tdata .rel.tdata.* .rel.gnu.linkonce.td.*)
 *(.rela.tdata .rela.tdata.* .rela.gnu.linkonce.td.*)
 *(.rel.tbss .rel.tbss.* .rel.gnu.linkonce.tb.*)
 *(.rela.tbss .rela.tbss.* .rela.gnu.linkonce.tb.*)
 *(.rel.ctors)
 *(.rela.ctors)
 *(.rel.dtors)
 *(.rela.dtors)
 *(.rel.got)
 *(.rela.got)
 *(.rel.sdata .rel.sdata.* .rel.gnu.linkonce.s.*)
 *(.rela.sdata .rela.sdata.* .rela.gnu.linkonce.s.*)
 *(.rel.sbss .rel.sbss.* .rel.gnu.linkonce.sb.*)
 *(.rela.sbss .rela.sbss.* .rela.gnu.linkonce.sb.*)
 *(.rel.sdata2 .rel.sdata2.* .rel.gnu.linkonce.s2.*)
 *(.rela.sdata2 .rela.sdata2.* .rela.gnu.linkonce.s2.*)
 *(.rel.sbss2 .rel.sbss2.* .rel.gnu.linkonce.sb2.*)
 *(.rela.sbss2 .rela.sbss2.* .rela.gnu.linkonce.sb2.*)
 *(.rel.bss .rel.bss.* .rel.gnu.linkonce.b.*)
 *(.rela.bss .rela.bss.* .rela.gnu.linkonce.b.*)
 *(.rel.plt)
 *(.rela.plt)
 *(.rel.dyn)
 *(.init)
 *(.plt)
 *(.text .stub .text.* .gnu.linkonce.t.*)
 .text          0x0000000000000230       0x3c ../nuevaPrueba_bsp//obj/HAL/src/crt0.o
                0x0000000000000230                _start
 .text          0x000000000000026c       0x20 obj/default/hello_world.o
                0x000000000000026c                main
 .text          0x000000000000028c       0xec ../nuevaPrueba_bsp/\libhal_bsp.a(alt_load.o)
                0x00000000000002f4                alt_load
 .text          0x0000000000000378       0x7c ../nuevaPrueba_bsp/\libhal_bsp.a(alt_main.o)
                0x0000000000000378                alt_main
 .text          0x00000000000003f4       0xb4 ../nuevaPrueba_bsp/\libhal_bsp.a(alt_sys_init.o)
                0x0000000000000428                alt_irq_init
                0x0000000000000460                alt_sys_init
 .text          0x00000000000004a8      0x164 ../nuevaPrueba_bsp/\libhal_bsp.a(altera_avalon_jtag_uart_fd.o)
                0x00000000000004a8                altera_avalon_jtag_uart_read_fd
                0x0000000000000508                altera_avalon_jtag_uart_write_fd
                0x0000000000000568                altera_avalon_jtag_uart_close_fd
                0x00000000000005b8                altera_avalon_jtag_uart_ioctl_fd
 .text          0x000000000000060c      0x3d4 ../nuevaPrueba_bsp/\libhal_bsp.a(altera_avalon_jtag_uart_init.o)
                0x000000000000060c                altera_avalon_jtag_uart_init
                0x0000000000000978                altera_avalon_jtag_uart_close
 .text          0x00000000000009e0       0xf0 ../nuevaPrueba_bsp/\libhal_bsp.a(altera_avalon_jtag_uart_ioctl.o)
                0x00000000000009e0                altera_avalon_jtag_uart_ioctl
 .text          0x0000000000000ad0      0x21c ../nuevaPrueba_bsp/\libhal_bsp.a(altera_avalon_jtag_uart_read.o)
                0x0000000000000ad0                altera_avalon_jtag_uart_read
 .text          0x0000000000000cec      0x224 ../nuevaPrueba_bsp/\libhal_bsp.a(altera_avalon_jtag_uart_write.o)
                0x0000000000000cec                altera_avalon_jtag_uart_write
 .text          0x0000000000000f10      0x12c ../nuevaPrueba_bsp/\libhal_bsp.a(alt_alarm_start.o)
                0x0000000000000f10                alt_alarm_start
 .text          0x000000000000103c      0x114 ../nuevaPrueba_bsp/\libhal_bsp.a(alt_close.o)
                0x0000000000001078                close
 .text          0x0000000000001150       0x20 ../nuevaPrueba_bsp/\libhal_bsp.a(alt_dcache_flush_all.o)
                0x0000000000001150                alt_dcache_flush_all
 .text          0x0000000000001170       0x2c ../nuevaPrueba_bsp/\libhal_bsp.a(alt_dev.o)
 .text          0x000000000000119c       0xe0 ../nuevaPrueba_bsp/\libhal_bsp.a(alt_dev_llist_insert.o)
                0x00000000000011d8                alt_dev_llist_insert
 .text          0x000000000000127c       0x60 ../nuevaPrueba_bsp/\libhal_bsp.a(alt_do_ctors.o)
                0x000000000000127c                _do_ctors
 .text          0x00000000000012dc       0x60 ../nuevaPrueba_bsp/\libhal_bsp.a(alt_do_dtors.o)
                0x00000000000012dc                _do_dtors
 .text          0x000000000000133c        0x0 ../nuevaPrueba_bsp/\libhal_bsp.a(alt_errno.o)
 .text          0x000000000000133c       0x20 ../nuevaPrueba_bsp/\libhal_bsp.a(alt_icache_flush_all.o)
                0x000000000000133c                alt_icache_flush_all
 .text          0x000000000000135c      0x1b0 ../nuevaPrueba_bsp/\libhal_bsp.a(alt_iic.o)
                0x000000000000135c                alt_ic_isr_register
                0x00000000000013ac                alt_ic_irq_enable
                0x0000000000001434                alt_ic_irq_disable
                0x00000000000014c0                alt_ic_irq_enabled
 .text          0x000000000000150c       0xf0 ../nuevaPrueba_bsp/\libhal_bsp.a(alt_iic_isr_register.o)
                0x000000000000150c                alt_iic_isr_register
 .text          0x00000000000015fc      0x160 ../nuevaPrueba_bsp/\libhal_bsp.a(alt_io_redirect.o)
                0x00000000000016e0                alt_io_redirect
 .text          0x000000000000175c        0x0 ../nuevaPrueba_bsp/\libhal_bsp.a(alt_irq_entry.o)
 .text          0x000000000000175c        0x0 ../nuevaPrueba_bsp/\libhal_bsp.a(alt_irq_handler.o)
 .text          0x000000000000175c        0x0 ../nuevaPrueba_bsp/\libhal_bsp.a(alt_irq_vars.o)
 .text          0x000000000000175c      0x284 ../nuevaPrueba_bsp/\libhal_bsp.a(alt_open.o)
                0x0000000000001884                open
 .text          0x00000000000019e0       0x84 ../nuevaPrueba_bsp/\libhal_bsp.a(alt_release_fd.o)
                0x00000000000019e0                alt_release_fd
 .text          0x0000000000001a64      0x1a4 ../nuevaPrueba_bsp/\libhal_bsp.a(alt_tick.o)
                0x0000000000001a64                alt_alarm_stop
                0x0000000000001b00                alt_tick
 .text          0x0000000000001c08       0x24 ../nuevaPrueba_bsp/\libhal_bsp.a(altera_nios2_gen2_irq.o)
                0x0000000000001c08                altera_nios2_gen2_irq_init
 .text          0x0000000000001c2c        0x0 ../nuevaPrueba_bsp/\libhal_bsp.a(alt_exception_entry.o)
 .text          0x0000000000001c2c       0x90 ../nuevaPrueba_bsp/\libhal_bsp.a(alt_find_dev.o)
                0x0000000000001c2c                alt_find_dev
 .text          0x0000000000001cbc      0x108 ../nuevaPrueba_bsp/\libhal_bsp.a(alt_find_file.o)
                0x0000000000001cbc                alt_find_file
 .text          0x0000000000001dc4       0xc4 ../nuevaPrueba_bsp/\libhal_bsp.a(alt_get_fd.o)
                0x0000000000001dc4                alt_get_fd
 .text          0x0000000000001e88       0x9c ../nuevaPrueba_bsp/\libhal_bsp.a(alt_instruction_exception_entry.o)
                0x0000000000001e88                alt_exception_cause_generated_bad_addr
 .text          0x0000000000001f24        0x0 c:/intelfpga_lite/17.1/nios2eds/bin/gnu/h-x86_64-mingw32/bin/../lib/gcc/nios2-elf/5.3.0/../../../../../H-x86_64-mingw32/nios2-elf/lib/mno-hw-mul\libc.a(lib_a-atexit.o)
 .text.atexit   0x0000000000001f24       0x14 c:/intelfpga_lite/17.1/nios2eds/bin/gnu/h-x86_64-mingw32/bin/../lib/gcc/nios2-elf/5.3.0/../../../../../H-x86_64-mingw32/nios2-elf/lib/mno-hw-mul\libc.a(lib_a-atexit.o)
                0x0000000000001f24                atexit
 .text          0x0000000000001f38        0x0 c:/intelfpga_lite/17.1/nios2eds/bin/gnu/h-x86_64-mingw32/bin/../lib/gcc/nios2-elf/5.3.0/../../../../../H-x86_64-mingw32/nios2-elf/lib/mno-hw-mul\libc.a(lib_a-exit.o)
 .text.exit     0x0000000000001f38       0x38 c:/intelfpga_lite/17.1/nios2eds/bin/gnu/h-x86_64-mingw32/bin/../lib/gcc/nios2-elf/5.3.0/../../../../../H-x86_64-mingw32/nios2-elf/lib/mno-hw-mul\libc.a(lib_a-exit.o)
                0x0000000000001f38                exit
 .text          0x0000000000001f70        0x0 c:/intelfpga_lite/17.1/nios2eds/bin/gnu/h-x86_64-mingw32/bin/../lib/gcc/nios2-elf/5.3.0/../../../../../H-x86_64-mingw32/nios2-elf/lib/mno-hw-mul\libc.a(lib_a-impure.o)
 .text          0x0000000000001f70        0x0 c:/intelfpga_lite/17.1/nios2eds/bin/gnu/h-x86_64-mingw32/bin/../lib/gcc/nios2-elf/5.3.0/../../../../../H-x86_64-mingw32/nios2-elf/lib/mno-hw-mul\libc.a(lib_a-int_errno.o)
 .text          0x0000000000001f70        0x0 c:/intelfpga_lite/17.1/nios2eds/bin/gnu/h-x86_64-mingw32/bin/../lib/gcc/nios2-elf/5.3.0/../../../../../H-x86_64-mingw32/nios2-elf/lib/mno-hw-mul\libc.a(lib_a-memcmp.o)
 .text.memcmp   0x0000000000001f70       0x7c c:/intelfpga_lite/17.1/nios2eds/bin/gnu/h-x86_64-mingw32/bin/../lib/gcc/nios2-elf/5.3.0/../../../../../H-x86_64-mingw32/nios2-elf/lib/mno-hw-mul\libc.a(lib_a-memcmp.o)
                0x0000000000001f70                memcmp
 .text          0x0000000000001fec        0x0 c:/intelfpga_lite/17.1/nios2eds/bin/gnu/h-x86_64-mingw32/bin/../lib/gcc/nios2-elf/5.3.0/../../../../../H-x86_64-mingw32/nios2-elf/lib/mno-hw-mul\libc.a(lib_a-memcpy.o)
 .text.memcpy   0x0000000000001fec      0x148 c:/intelfpga_lite/17.1/nios2eds/bin/gnu/h-x86_64-mingw32/bin/../lib/gcc/nios2-elf/5.3.0/../../../../../H-x86_64-mingw32/nios2-elf/lib/mno-hw-mul\libc.a(lib_a-memcpy.o)
                0x0000000000001fec                memcpy
 .text          0x0000000000002134        0x0 c:/intelfpga_lite/17.1/nios2eds/bin/gnu/h-x86_64-mingw32/bin/../lib/gcc/nios2-elf/5.3.0/../../../../../H-x86_64-mingw32/nios2-elf/lib/mno-hw-mul\libc.a(lib_a-strlen.o)
 .text.strlen   0x0000000000002134       0x98 c:/intelfpga_lite/17.1/nios2eds/bin/gnu/h-x86_64-mingw32/bin/../lib/gcc/nios2-elf/5.3.0/../../../../../H-x86_64-mingw32/nios2-elf/lib/mno-hw-mul\libc.a(lib_a-strlen.o)
                0x0000000000002134                strlen
 .text          0x00000000000021cc        0x0 c:/intelfpga_lite/17.1/nios2eds/bin/gnu/h-x86_64-mingw32/bin/../lib/gcc/nios2-elf/5.3.0/../../../../../H-x86_64-mingw32/nios2-elf/lib/mno-hw-mul\libc.a(lib_a-__atexit.o)
 .text.__register_exitproc
                0x00000000000021cc      0x118 c:/intelfpga_lite/17.1/nios2eds/bin/gnu/h-x86_64-mingw32/bin/../lib/gcc/nios2-elf/5.3.0/../../../../../H-x86_64-mingw32/nios2-elf/lib/mno-hw-mul\libc.a(lib_a-__atexit.o)
                0x00000000000021cc                __register_exitproc
 .text          0x00000000000022e4        0x0 c:/intelfpga_lite/17.1/nios2eds/bin/gnu/h-x86_64-mingw32/bin/../lib/gcc/nios2-elf/5.3.0/../../../../../H-x86_64-mingw32/nios2-elf/lib/mno-hw-mul\libc.a(lib_a-__call_atexit.o)
 .text.__call_exitprocs
                0x00000000000022e4      0x180 c:/intelfpga_lite/17.1/nios2eds/bin/gnu/h-x86_64-mingw32/bin/../lib/gcc/nios2-elf/5.3.0/../../../../../H-x86_64-mingw32/nios2-elf/lib/mno-hw-mul\libc.a(lib_a-__call_atexit.o)
                0x00000000000022e4                __call_exitprocs
 .text          0x0000000000002464       0x28 c:/intelfpga_lite/17.1/nios2eds/bin/gnu/h-x86_64-mingw32/bin/../lib/gcc/nios2-elf/5.3.0/mno-hw-mul\libgcc.a(lib2-mul.o)
                0x0000000000002464                __mulsi3
 .text          0x000000000000248c       0x34 ../nuevaPrueba_bsp/\libhal_bsp.a(alt_exit.o)
                0x000000000000248c                _exit
 *(.gnu.warning.*)
 *(.fini)
                [!provide]                        PROVIDE (__etext, ABSOLUTE (.))
                [!provide]                        PROVIDE (_etext, ABSOLUTE (.))
                [!provide]                        PROVIDE (etext, ABSOLUTE (.))
 *(.eh_frame_hdr)
                0x00000000000024c0                . = ALIGN (0x4)
                [!provide]                        PROVIDE (__preinit_array_start, ABSOLUTE (.))
 *(.preinit_array)
                [!provide]                        PROVIDE (__preinit_array_end, ABSOLUTE (.))
                [!provide]                        PROVIDE (__init_array_start, ABSOLUTE (.))
 *(.init_array)
                [!provide]                        PROVIDE (__init_array_end, ABSOLUTE (.))
                [!provide]                        PROVIDE (__fini_array_start, ABSOLUTE (.))
 *(.fini_array)
                [!provide]                        PROVIDE (__fini_array_end, ABSOLUTE (.))
 *(.eh_frame)
 *(.gcc_except_table .gcc_except_table.*)
 *(.dynamic)
                0x00000000000024c0                PROVIDE (__CTOR_LIST__, ABSOLUTE (.))
 *(.ctors)
 *(SORT(.ctors.*))
                0x00000000000024c0                PROVIDE (__CTOR_END__, ABSOLUTE (.))
                0x00000000000024c0                PROVIDE (__DTOR_LIST__, ABSOLUTE (.))
 *(.dtors)
 *(SORT(.dtors.*))
                0x00000000000024c0                PROVIDE (__DTOR_END__, ABSOLUTE (.))
 *(.jcr)
                0x00000000000024c0                . = ALIGN (0x4)

.rodata         0x00000000000024c0       0x38
                0x00000000000024c0                PROVIDE (__ram_rodata_start, ABSOLUTE (.))
                0x00000000000024c0                . = ALIGN (0x4)
 *(.rodata .rodata.* .gnu.linkonce.r.*)
 .rodata        0x00000000000024c0       0x11 ../nuevaPrueba_bsp/\libhal_bsp.a(alt_main.o)
 *fill*         0x00000000000024d1        0x3 
 .rodata        0x00000000000024d4       0x11 ../nuevaPrueba_bsp/\libhal_bsp.a(alt_sys_init.o)
 *fill*         0x00000000000024e5        0x3 
 .rodata        0x00000000000024e8        0xa ../nuevaPrueba_bsp/\libhal_bsp.a(alt_dev.o)
 *fill*         0x00000000000024f2        0x2 
 .rodata.str1.4
                0x00000000000024f4        0x4 c:/intelfpga_lite/17.1/nios2eds/bin/gnu/h-x86_64-mingw32/bin/../lib/gcc/nios2-elf/5.3.0/../../../../../H-x86_64-mingw32/nios2-elf/lib/mno-hw-mul\libc.a(lib_a-impure.o)
                                          0x2 (size before relaxing)
 *(.rodata1)
                0x00000000000024f8                . = ALIGN (0x4)
                0x00000000000024f8                PROVIDE (__ram_rodata_end, ABSOLUTE (.))
                0x00000000000024c0                PROVIDE (__flash_rodata_start, LOADADDR (.rodata))

.rwdata         0x00000000000024f8     0x1658 load address 0x0000000000003b50
                0x00000000000024f8                PROVIDE (__ram_rwdata_start, ABSOLUTE (.))
                0x00000000000024f8                . = ALIGN (0x4)
 *(.got.plt)
 *(.got)
 *(.data1)
 *(.data .data.* .gnu.linkonce.d.*)
 .data          0x00000000000024f8        0x0 ../nuevaPrueba_bsp//obj/HAL/src/crt0.o
 .data          0x00000000000024f8        0x0 obj/default/hello_world.o
 .data          0x00000000000024f8        0x0 ../nuevaPrueba_bsp/\libhal_bsp.a(alt_load.o)
 .data          0x00000000000024f8        0x0 ../nuevaPrueba_bsp/\libhal_bsp.a(alt_main.o)
 .data          0x00000000000024f8     0x1060 ../nuevaPrueba_bsp/\libhal_bsp.a(alt_sys_init.o)
 .data          0x0000000000003558        0x0 ../nuevaPrueba_bsp/\libhal_bsp.a(altera_avalon_jtag_uart_fd.o)
 .data          0x0000000000003558        0x0 ../nuevaPrueba_bsp/\libhal_bsp.a(altera_avalon_jtag_uart_init.o)
 .data          0x0000000000003558        0x0 ../nuevaPrueba_bsp/\libhal_bsp.a(altera_avalon_jtag_uart_ioctl.o)
 .data          0x0000000000003558        0x0 ../nuevaPrueba_bsp/\libhal_bsp.a(altera_avalon_jtag_uart_read.o)
 .data          0x0000000000003558        0x0 ../nuevaPrueba_bsp/\libhal_bsp.a(altera_avalon_jtag_uart_write.o)
 .data          0x0000000000003558        0x0 ../nuevaPrueba_bsp/\libhal_bsp.a(alt_alarm_start.o)
 .data          0x0000000000003558        0x0 ../nuevaPrueba_bsp/\libhal_bsp.a(alt_close.o)
 .data          0x0000000000003558        0x0 ../nuevaPrueba_bsp/\libhal_bsp.a(alt_dcache_flush_all.o)
 .data          0x0000000000003558      0x1a8 ../nuevaPrueba_bsp/\libhal_bsp.a(alt_dev.o)
                0x0000000000003558                alt_dev_null
                0x0000000000003580                alt_fd_list
 .data          0x0000000000003700        0x0 ../nuevaPrueba_bsp/\libhal_bsp.a(alt_dev_llist_insert.o)
 .data          0x0000000000003700        0x0 ../nuevaPrueba_bsp/\libhal_bsp.a(alt_do_ctors.o)
 .data          0x0000000000003700        0x0 ../nuevaPrueba_bsp/\libhal_bsp.a(alt_do_dtors.o)
 .data          0x0000000000003700        0x0 ../nuevaPrueba_bsp/\libhal_bsp.a(alt_errno.o)
 .data          0x0000000000003700        0x0 ../nuevaPrueba_bsp/\libhal_bsp.a(alt_icache_flush_all.o)
 .data          0x0000000000003700        0x0 ../nuevaPrueba_bsp/\libhal_bsp.a(alt_iic.o)
 .data          0x0000000000003700        0x0 ../nuevaPrueba_bsp/\libhal_bsp.a(alt_iic_isr_register.o)
 .data          0x0000000000003700        0x0 ../nuevaPrueba_bsp/\libhal_bsp.a(alt_io_redirect.o)
 .data          0x0000000000003700        0x0 ../nuevaPrueba_bsp/\libhal_bsp.a(alt_irq_entry.o)
 .data          0x0000000000003700        0x0 ../nuevaPrueba_bsp/\libhal_bsp.a(alt_irq_handler.o)
 .data          0x0000000000003700        0x0 ../nuevaPrueba_bsp/\libhal_bsp.a(alt_irq_vars.o)
 .data          0x0000000000003700        0x0 ../nuevaPrueba_bsp/\libhal_bsp.a(alt_open.o)
 .data          0x0000000000003700        0x0 ../nuevaPrueba_bsp/\libhal_bsp.a(alt_release_fd.o)
 .data          0x0000000000003700        0x0 ../nuevaPrueba_bsp/\libhal_bsp.a(alt_tick.o)
 .data          0x0000000000003700        0x0 ../nuevaPrueba_bsp/\libhal_bsp.a(altera_nios2_gen2_irq.o)
 .data          0x0000000000003700        0x0 ../nuevaPrueba_bsp/\libhal_bsp.a(alt_exception_entry.o)
 .data          0x0000000000003700        0x0 ../nuevaPrueba_bsp/\libhal_bsp.a(alt_find_dev.o)
 .data          0x0000000000003700        0x0 ../nuevaPrueba_bsp/\libhal_bsp.a(alt_find_file.o)
 .data          0x0000000000003700        0x0 ../nuevaPrueba_bsp/\libhal_bsp.a(alt_get_fd.o)
 .data          0x0000000000003700        0x0 ../nuevaPrueba_bsp/\libhal_bsp.a(alt_instruction_exception_entry.o)
 .data          0x0000000000003700        0x0 c:/intelfpga_lite/17.1/nios2eds/bin/gnu/h-x86_64-mingw32/bin/../lib/gcc/nios2-elf/5.3.0/../../../../../H-x86_64-mingw32/nios2-elf/lib/mno-hw-mul\libc.a(lib_a-atexit.o)
 .data          0x0000000000003700        0x0 c:/intelfpga_lite/17.1/nios2eds/bin/gnu/h-x86_64-mingw32/bin/../lib/gcc/nios2-elf/5.3.0/../../../../../H-x86_64-mingw32/nios2-elf/lib/mno-hw-mul\libc.a(lib_a-exit.o)
 .data          0x0000000000003700        0x0 c:/intelfpga_lite/17.1/nios2eds/bin/gnu/h-x86_64-mingw32/bin/../lib/gcc/nios2-elf/5.3.0/../../../../../H-x86_64-mingw32/nios2-elf/lib/mno-hw-mul\libc.a(lib_a-impure.o)
 .data.impure_data
                0x0000000000003700      0x424 c:/intelfpga_lite/17.1/nios2eds/bin/gnu/h-x86_64-mingw32/bin/../lib/gcc/nios2-elf/5.3.0/../../../../../H-x86_64-mingw32/nios2-elf/lib/mno-hw-mul\libc.a(lib_a-impure.o)
 .data          0x0000000000003b24        0x0 c:/intelfpga_lite/17.1/nios2eds/bin/gnu/h-x86_64-mingw32/bin/../lib/gcc/nios2-elf/5.3.0/../../../../../H-x86_64-mingw32/nios2-elf/lib/mno-hw-mul\libc.a(lib_a-int_errno.o)
 .data          0x0000000000003b24        0x0 c:/intelfpga_lite/17.1/nios2eds/bin/gnu/h-x86_64-mingw32/bin/../lib/gcc/nios2-elf/5.3.0/../../../../../H-x86_64-mingw32/nios2-elf/lib/mno-hw-mul\libc.a(lib_a-memcmp.o)
 .data          0x0000000000003b24        0x0 c:/intelfpga_lite/17.1/nios2eds/bin/gnu/h-x86_64-mingw32/bin/../lib/gcc/nios2-elf/5.3.0/../../../../../H-x86_64-mingw32/nios2-elf/lib/mno-hw-mul\libc.a(lib_a-memcpy.o)
 .data          0x0000000000003b24        0x0 c:/intelfpga_lite/17.1/nios2eds/bin/gnu/h-x86_64-mingw32/bin/../lib/gcc/nios2-elf/5.3.0/../../../../../H-x86_64-mingw32/nios2-elf/lib/mno-hw-mul\libc.a(lib_a-strlen.o)
 .data          0x0000000000003b24        0x0 c:/intelfpga_lite/17.1/nios2eds/bin/gnu/h-x86_64-mingw32/bin/../lib/gcc/nios2-elf/5.3.0/../../../../../H-x86_64-mingw32/nios2-elf/lib/mno-hw-mul\libc.a(lib_a-__atexit.o)
 .data          0x0000000000003b24        0x0 c:/intelfpga_lite/17.1/nios2eds/bin/gnu/h-x86_64-mingw32/bin/../lib/gcc/nios2-elf/5.3.0/../../../../../H-x86_64-mingw32/nios2-elf/lib/mno-hw-mul\libc.a(lib_a-__call_atexit.o)
 .data          0x0000000000003b24        0x0 c:/intelfpga_lite/17.1/nios2eds/bin/gnu/h-x86_64-mingw32/bin/../lib/gcc/nios2-elf/5.3.0/mno-hw-mul\libgcc.a(lib2-mul.o)
 .data          0x0000000000003b24        0x0 ../nuevaPrueba_bsp/\libhal_bsp.a(alt_exit.o)
                0x000000000000bb24                _gp = ABSOLUTE ((. + 0x8000))
                [!provide]                        PROVIDE (gp, _gp)
 *(.rwdata .rwdata.*)
 *(.sdata .sdata.* .gnu.linkonce.s.*)
 .sdata         0x0000000000003b24       0x14 ../nuevaPrueba_bsp/\libhal_bsp.a(alt_dev.o)
                0x0000000000003b24                alt_fs_list
                0x0000000000003b2c                alt_dev_list
                0x0000000000003b34                alt_max_fd
 .sdata         0x0000000000003b38        0x4 ../nuevaPrueba_bsp/\libhal_bsp.a(alt_errno.o)
                0x0000000000003b38                alt_errno
 .sdata         0x0000000000003b3c        0x4 ../nuevaPrueba_bsp/\libhal_bsp.a(alt_irq_vars.o)
                0x0000000000003b3c                alt_priority_mask
 .sdata         0x0000000000003b40        0x8 ../nuevaPrueba_bsp/\libhal_bsp.a(alt_tick.o)
                0x0000000000003b40                alt_alarm_list
 .sdata._global_impure_ptr
                0x0000000000003b48        0x4 c:/intelfpga_lite/17.1/nios2eds/bin/gnu/h-x86_64-mingw32/bin/../lib/gcc/nios2-elf/5.3.0/../../../../../H-x86_64-mingw32/nios2-elf/lib/mno-hw-mul\libc.a(lib_a-impure.o)
                0x0000000000003b48                _global_impure_ptr
 .sdata._impure_ptr
                0x0000000000003b4c        0x4 c:/intelfpga_lite/17.1/nios2eds/bin/gnu/h-x86_64-mingw32/bin/../lib/gcc/nios2-elf/5.3.0/../../../../../H-x86_64-mingw32/nios2-elf/lib/mno-hw-mul\libc.a(lib_a-impure.o)
                0x0000000000003b4c                _impure_ptr
 *(.sdata2 .sdata2.* .gnu.linkonce.s2.*)
                0x0000000000003b50                . = ALIGN (0x4)
                0x0000000000003b50                _edata = ABSOLUTE (.)
                [!provide]                        PROVIDE (edata, ABSOLUTE (.))
                0x0000000000003b50                PROVIDE (__ram_rwdata_end, ABSOLUTE (.))
                0x0000000000003b50                PROVIDE (__flash_rwdata_start, LOADADDR (.rwdata))

.bss            0x00000000000051a8      0x120
                0x00000000000051a8                __bss_start = ABSOLUTE (.)
                [!provide]                        PROVIDE (__sbss_start, ABSOLUTE (.))
                [!provide]                        PROVIDE (___sbss_start, ABSOLUTE (.))
 *(.dynsbss)
 *(.sbss .sbss.* .gnu.linkonce.sb.*)
 .sbss          0x00000000000051a8        0xc ../nuevaPrueba_bsp/\libhal_bsp.a(alt_main.o)
                0x00000000000051a8                alt_argc
                0x00000000000051ac                alt_argv
                0x00000000000051b0                alt_envp
 .sbss          0x00000000000051b4        0x4 ../nuevaPrueba_bsp/\libhal_bsp.a(alt_irq_vars.o)
                0x00000000000051b4                alt_irq_active
 .sbss          0x00000000000051b8        0x8 ../nuevaPrueba_bsp/\libhal_bsp.a(alt_tick.o)
                0x00000000000051b8                _alt_tick_rate
                0x00000000000051bc                _alt_nticks
 .sbss          0x00000000000051c0        0x4 ../nuevaPrueba_bsp/\libhal_bsp.a(alt_instruction_exception_entry.o)
                0x00000000000051c0                alt_instruction_exception_handler
 .sbss          0x00000000000051c4        0x4 c:/intelfpga_lite/17.1/nios2eds/bin/gnu/h-x86_64-mingw32/bin/../lib/gcc/nios2-elf/5.3.0/../../../../../H-x86_64-mingw32/nios2-elf/lib/mno-hw-mul\libc.a(lib_a-int_errno.o)
                0x00000000000051c4                errno
 *(.sbss2 .sbss2.* .gnu.linkonce.sb2.*)
 *(.scommon)
                [!provide]                        PROVIDE (__sbss_end, ABSOLUTE (.))
                [!provide]                        PROVIDE (___sbss_end, ABSOLUTE (.))
 *(.dynbss)
 *(.bss .bss.* .gnu.linkonce.b.*)
 .bss           0x00000000000051c8        0x0 ../nuevaPrueba_bsp//obj/HAL/src/crt0.o
 .bss           0x00000000000051c8        0x0 obj/default/hello_world.o
 .bss           0x00000000000051c8        0x0 ../nuevaPrueba_bsp/\libhal_bsp.a(alt_load.o)
 .bss           0x00000000000051c8        0x0 ../nuevaPrueba_bsp/\libhal_bsp.a(alt_main.o)
 .bss           0x00000000000051c8        0x0 ../nuevaPrueba_bsp/\libhal_bsp.a(alt_sys_init.o)
 .bss           0x00000000000051c8        0x0 ../nuevaPrueba_bsp/\libhal_bsp.a(altera_avalon_jtag_uart_fd.o)
 .bss           0x00000000000051c8        0x0 ../nuevaPrueba_bsp/\libhal_bsp.a(altera_avalon_jtag_uart_init.o)
 .bss           0x00000000000051c8        0x0 ../nuevaPrueba_bsp/\libhal_bsp.a(altera_avalon_jtag_uart_ioctl.o)
 .bss           0x00000000000051c8        0x0 ../nuevaPrueba_bsp/\libhal_bsp.a(altera_avalon_jtag_uart_read.o)
 .bss           0x00000000000051c8        0x0 ../nuevaPrueba_bsp/\libhal_bsp.a(altera_avalon_jtag_uart_write.o)
 .bss           0x00000000000051c8        0x0 ../nuevaPrueba_bsp/\libhal_bsp.a(alt_alarm_start.o)
 .bss           0x00000000000051c8        0x0 ../nuevaPrueba_bsp/\libhal_bsp.a(alt_close.o)
 .bss           0x00000000000051c8        0x0 ../nuevaPrueba_bsp/\libhal_bsp.a(alt_dcache_flush_all.o)
 .bss           0x00000000000051c8        0x0 ../nuevaPrueba_bsp/\libhal_bsp.a(alt_dev.o)
 .bss           0x00000000000051c8        0x0 ../nuevaPrueba_bsp/\libhal_bsp.a(alt_dev_llist_insert.o)
 .bss           0x00000000000051c8        0x0 ../nuevaPrueba_bsp/\libhal_bsp.a(alt_do_ctors.o)
 .bss           0x00000000000051c8        0x0 ../nuevaPrueba_bsp/\libhal_bsp.a(alt_do_dtors.o)
 .bss           0x00000000000051c8        0x0 ../nuevaPrueba_bsp/\libhal_bsp.a(alt_errno.o)
 .bss           0x00000000000051c8        0x0 ../nuevaPrueba_bsp/\libhal_bsp.a(alt_icache_flush_all.o)
 .bss           0x00000000000051c8        0x0 ../nuevaPrueba_bsp/\libhal_bsp.a(alt_iic.o)
 .bss           0x00000000000051c8        0x0 ../nuevaPrueba_bsp/\libhal_bsp.a(alt_iic_isr_register.o)
 .bss           0x00000000000051c8        0x0 ../nuevaPrueba_bsp/\libhal_bsp.a(alt_io_redirect.o)
 .bss           0x00000000000051c8        0x0 ../nuevaPrueba_bsp/\libhal_bsp.a(alt_irq_entry.o)
 .bss           0x00000000000051c8        0x0 ../nuevaPrueba_bsp/\libhal_bsp.a(alt_irq_handler.o)
 .bss           0x00000000000051c8        0x0 ../nuevaPrueba_bsp/\libhal_bsp.a(alt_irq_vars.o)
 .bss           0x00000000000051c8        0x0 ../nuevaPrueba_bsp/\libhal_bsp.a(alt_open.o)
 .bss           0x00000000000051c8        0x0 ../nuevaPrueba_bsp/\libhal_bsp.a(alt_release_fd.o)
 .bss           0x00000000000051c8        0x0 ../nuevaPrueba_bsp/\libhal_bsp.a(alt_tick.o)
 .bss           0x00000000000051c8        0x0 ../nuevaPrueba_bsp/\libhal_bsp.a(altera_nios2_gen2_irq.o)
 .bss           0x00000000000051c8        0x0 ../nuevaPrueba_bsp/\libhal_bsp.a(alt_exception_entry.o)
 .bss           0x00000000000051c8        0x0 ../nuevaPrueba_bsp/\libhal_bsp.a(alt_find_dev.o)
 .bss           0x00000000000051c8        0x0 ../nuevaPrueba_bsp/\libhal_bsp.a(alt_find_file.o)
 .bss           0x00000000000051c8        0x0 ../nuevaPrueba_bsp/\libhal_bsp.a(alt_get_fd.o)
 .bss           0x00000000000051c8        0x0 ../nuevaPrueba_bsp/\libhal_bsp.a(alt_instruction_exception_entry.o)
 .bss           0x00000000000051c8        0x0 c:/intelfpga_lite/17.1/nios2eds/bin/gnu/h-x86_64-mingw32/bin/../lib/gcc/nios2-elf/5.3.0/../../../../../H-x86_64-mingw32/nios2-elf/lib/mno-hw-mul\libc.a(lib_a-atexit.o)
 .bss           0x00000000000051c8        0x0 c:/intelfpga_lite/17.1/nios2eds/bin/gnu/h-x86_64-mingw32/bin/../lib/gcc/nios2-elf/5.3.0/../../../../../H-x86_64-mingw32/nios2-elf/lib/mno-hw-mul\libc.a(lib_a-exit.o)
 .bss           0x00000000000051c8        0x0 c:/intelfpga_lite/17.1/nios2eds/bin/gnu/h-x86_64-mingw32/bin/../lib/gcc/nios2-elf/5.3.0/../../../../../H-x86_64-mingw32/nios2-elf/lib/mno-hw-mul\libc.a(lib_a-impure.o)
 .bss           0x00000000000051c8        0x0 c:/intelfpga_lite/17.1/nios2eds/bin/gnu/h-x86_64-mingw32/bin/../lib/gcc/nios2-elf/5.3.0/../../../../../H-x86_64-mingw32/nios2-elf/lib/mno-hw-mul\libc.a(lib_a-int_errno.o)
 .bss           0x00000000000051c8        0x0 c:/intelfpga_lite/17.1/nios2eds/bin/gnu/h-x86_64-mingw32/bin/../lib/gcc/nios2-elf/5.3.0/../../../../../H-x86_64-mingw32/nios2-elf/lib/mno-hw-mul\libc.a(lib_a-memcmp.o)
 .bss           0x00000000000051c8        0x0 c:/intelfpga_lite/17.1/nios2eds/bin/gnu/h-x86_64-mingw32/bin/../lib/gcc/nios2-elf/5.3.0/../../../../../H-x86_64-mingw32/nios2-elf/lib/mno-hw-mul\libc.a(lib_a-memcpy.o)
 .bss           0x00000000000051c8        0x0 c:/intelfpga_lite/17.1/nios2eds/bin/gnu/h-x86_64-mingw32/bin/../lib/gcc/nios2-elf/5.3.0/../../../../../H-x86_64-mingw32/nios2-elf/lib/mno-hw-mul\libc.a(lib_a-strlen.o)
 .bss           0x00000000000051c8        0x0 c:/intelfpga_lite/17.1/nios2eds/bin/gnu/h-x86_64-mingw32/bin/../lib/gcc/nios2-elf/5.3.0/../../../../../H-x86_64-mingw32/nios2-elf/lib/mno-hw-mul\libc.a(lib_a-__atexit.o)
 .bss           0x00000000000051c8        0x0 c:/intelfpga_lite/17.1/nios2eds/bin/gnu/h-x86_64-mingw32/bin/../lib/gcc/nios2-elf/5.3.0/../../../../../H-x86_64-mingw32/nios2-elf/lib/mno-hw-mul\libc.a(lib_a-__call_atexit.o)
 .bss           0x00000000000051c8        0x0 c:/intelfpga_lite/17.1/nios2eds/bin/gnu/h-x86_64-mingw32/bin/../lib/gcc/nios2-elf/5.3.0/mno-hw-mul\libgcc.a(lib2-mul.o)
 .bss           0x00000000000051c8        0x0 ../nuevaPrueba_bsp/\libhal_bsp.a(alt_exit.o)
 *(COMMON)
 COMMON         0x00000000000051c8      0x100 ../nuevaPrueba_bsp/\libhal_bsp.a(alt_irq_handler.o)
                0x00000000000051c8                alt_irq
                0x00000000000052c8                . = ALIGN (0x4)
                0x00000000000052c8                __bss_end = ABSOLUTE (.)

.onchip_memory2_0
                0x00000000000052c8        0x0
                [!provide]                        PROVIDE (_alt_partition_onchip_memory2_0_start, ABSOLUTE (.))
 *(.onchip_memory2_0 .onchip_memory2_0. onchip_memory2_0.*)
                0x00000000000052c8                . = ALIGN (0x4)
                [!provide]                        PROVIDE (_alt_partition_onchip_memory2_0_end, ABSOLUTE (.))
                0x00000000000052c8                _end = ABSOLUTE (.)
                0x00000000000052c8                end = ABSOLUTE (.)
                0x00000000000052c8                __alt_stack_base = ABSOLUTE (.)
                [!provide]                        PROVIDE (_alt_partition_onchip_memory2_0_load_addr, LOADADDR (.onchip_memory2_0))

.stab
 *(.stab)

.stabstr
 *(.stabstr)

.stab.excl
 *(.stab.excl)

.stab.exclstr
 *(.stab.exclstr)

.stab.index
 *(.stab.index)

.stab.indexstr
 *(.stab.indexstr)

.comment        0x0000000000000000       0x23
 *(.comment)
 .comment       0x0000000000000000       0x23 obj/default/hello_world.o
                                         0x24 (size before relaxing)
 .comment       0x0000000000000023       0x24 ../nuevaPrueba_bsp/\libhal_bsp.a(alt_load.o)
 .comment       0x0000000000000023       0x24 ../nuevaPrueba_bsp/\libhal_bsp.a(alt_main.o)
 .comment       0x0000000000000023       0x24 ../nuevaPrueba_bsp/\libhal_bsp.a(alt_sys_init.o)
 .comment       0x0000000000000023       0x24 ../nuevaPrueba_bsp/\libhal_bsp.a(altera_avalon_jtag_uart_fd.o)
 .comment       0x0000000000000023       0x24 ../nuevaPrueba_bsp/\libhal_bsp.a(altera_avalon_jtag_uart_init.o)
 .comment       0x0000000000000023       0x24 ../nuevaPrueba_bsp/\libhal_bsp.a(altera_avalon_jtag_uart_ioctl.o)
 .comment       0x0000000000000023       0x24 ../nuevaPrueba_bsp/\libhal_bsp.a(altera_avalon_jtag_uart_read.o)
 .comment       0x0000000000000023       0x24 ../nuevaPrueba_bsp/\libhal_bsp.a(altera_avalon_jtag_uart_write.o)
 .comment       0x0000000000000023       0x24 ../nuevaPrueba_bsp/\libhal_bsp.a(alt_alarm_start.o)
 .comment       0x0000000000000023       0x24 ../nuevaPrueba_bsp/\libhal_bsp.a(alt_close.o)
 .comment       0x0000000000000023       0x24 ../nuevaPrueba_bsp/\libhal_bsp.a(alt_dcache_flush_all.o)
 .comment       0x0000000000000023       0x24 ../nuevaPrueba_bsp/\libhal_bsp.a(alt_dev.o)
 .comment       0x0000000000000023       0x24 ../nuevaPrueba_bsp/\libhal_bsp.a(alt_dev_llist_insert.o)
 .comment       0x0000000000000023       0x24 ../nuevaPrueba_bsp/\libhal_bsp.a(alt_do_ctors.o)
 .comment       0x0000000000000023       0x24 ../nuevaPrueba_bsp/\libhal_bsp.a(alt_do_dtors.o)
 .comment       0x0000000000000023       0x24 ../nuevaPrueba_bsp/\libhal_bsp.a(alt_errno.o)
 .comment       0x0000000000000023       0x24 ../nuevaPrueba_bsp/\libhal_bsp.a(alt_icache_flush_all.o)
 .comment       0x0000000000000023       0x24 ../nuevaPrueba_bsp/\libhal_bsp.a(alt_iic.o)
 .comment       0x0000000000000023       0x24 ../nuevaPrueba_bsp/\libhal_bsp.a(alt_iic_isr_register.o)
 .comment       0x0000000000000023       0x24 ../nuevaPrueba_bsp/\libhal_bsp.a(alt_io_redirect.o)
 .comment       0x0000000000000023       0x24 ../nuevaPrueba_bsp/\libhal_bsp.a(alt_irq_handler.o)
 .comment       0x0000000000000023       0x24 ../nuevaPrueba_bsp/\libhal_bsp.a(alt_irq_vars.o)
 .comment       0x0000000000000023       0x24 ../nuevaPrueba_bsp/\libhal_bsp.a(alt_open.o)
 .comment       0x0000000000000023       0x24 ../nuevaPrueba_bsp/\libhal_bsp.a(alt_release_fd.o)
 .comment       0x0000000000000023       0x24 ../nuevaPrueba_bsp/\libhal_bsp.a(alt_tick.o)
 .comment       0x0000000000000023       0x24 ../nuevaPrueba_bsp/\libhal_bsp.a(altera_nios2_gen2_irq.o)
 .comment       0x0000000000000023       0x24 ../nuevaPrueba_bsp/\libhal_bsp.a(alt_find_dev.o)
 .comment       0x0000000000000023       0x24 ../nuevaPrueba_bsp/\libhal_bsp.a(alt_find_file.o)
 .comment       0x0000000000000023       0x24 ../nuevaPrueba_bsp/\libhal_bsp.a(alt_get_fd.o)
 .comment       0x0000000000000023       0x24 ../nuevaPrueba_bsp/\libhal_bsp.a(alt_instruction_exception_entry.o)
 .comment       0x0000000000000023       0x24 c:/intelfpga_lite/17.1/nios2eds/bin/gnu/h-x86_64-mingw32/bin/../lib/gcc/nios2-elf/5.3.0/../../../../../H-x86_64-mingw32/nios2-elf/lib/mno-hw-mul\libc.a(lib_a-atexit.o)
 .comment       0x0000000000000023       0x24 c:/intelfpga_lite/17.1/nios2eds/bin/gnu/h-x86_64-mingw32/bin/../lib/gcc/nios2-elf/5.3.0/../../../../../H-x86_64-mingw32/nios2-elf/lib/mno-hw-mul\libc.a(lib_a-exit.o)
 .comment       0x0000000000000023       0x24 c:/intelfpga_lite/17.1/nios2eds/bin/gnu/h-x86_64-mingw32/bin/../lib/gcc/nios2-elf/5.3.0/../../../../../H-x86_64-mingw32/nios2-elf/lib/mno-hw-mul\libc.a(lib_a-impure.o)
 .comment       0x0000000000000023       0x24 c:/intelfpga_lite/17.1/nios2eds/bin/gnu/h-x86_64-mingw32/bin/../lib/gcc/nios2-elf/5.3.0/../../../../../H-x86_64-mingw32/nios2-elf/lib/mno-hw-mul\libc.a(lib_a-int_errno.o)
 .comment       0x0000000000000023       0x24 c:/intelfpga_lite/17.1/nios2eds/bin/gnu/h-x86_64-mingw32/bin/../lib/gcc/nios2-elf/5.3.0/../../../../../H-x86_64-mingw32/nios2-elf/lib/mno-hw-mul\libc.a(lib_a-memcmp.o)
 .comment       0x0000000000000023       0x24 c:/intelfpga_lite/17.1/nios2eds/bin/gnu/h-x86_64-mingw32/bin/../lib/gcc/nios2-elf/5.3.0/../../../../../H-x86_64-mingw32/nios2-elf/lib/mno-hw-mul\libc.a(lib_a-memcpy.o)
 .comment       0x0000000000000023       0x24 c:/intelfpga_lite/17.1/nios2eds/bin/gnu/h-x86_64-mingw32/bin/../lib/gcc/nios2-elf/5.3.0/../../../../../H-x86_64-mingw32/nios2-elf/lib/mno-hw-mul\libc.a(lib_a-strlen.o)
 .comment       0x0000000000000023       0x24 c:/intelfpga_lite/17.1/nios2eds/bin/gnu/h-x86_64-mingw32/bin/../lib/gcc/nios2-elf/5.3.0/../../../../../H-x86_64-mingw32/nios2-elf/lib/mno-hw-mul\libc.a(lib_a-__atexit.o)
 .comment       0x0000000000000023       0x24 c:/intelfpga_lite/17.1/nios2eds/bin/gnu/h-x86_64-mingw32/bin/../lib/gcc/nios2-elf/5.3.0/../../../../../H-x86_64-mingw32/nios2-elf/lib/mno-hw-mul\libc.a(lib_a-__call_atexit.o)
 .comment       0x0000000000000023       0x24 c:/intelfpga_lite/17.1/nios2eds/bin/gnu/h-x86_64-mingw32/bin/../lib/gcc/nios2-elf/5.3.0/mno-hw-mul\libgcc.a(lib2-mul.o)
 .comment       0x0000000000000023       0x24 ../nuevaPrueba_bsp/\libhal_bsp.a(alt_exit.o)

.debug
 *(.debug)

.line
 *(.line)

.debug_srcinfo
 *(.debug_srcinfo)

.debug_sfnames
 *(.debug_sfnames)

.debug_aranges  0x0000000000000000      0x5b8
 *(.debug_aranges)
 .debug_aranges
                0x0000000000000000       0x28 ../nuevaPrueba_bsp//obj/HAL/src/crt0.o
 .debug_aranges
                0x0000000000000028       0x20 obj/default/hello_world.o
 .debug_aranges
                0x0000000000000048       0x20 ../nuevaPrueba_bsp/\libhal_bsp.a(alt_load.o)
 .debug_aranges
                0x0000000000000068       0x20 ../nuevaPrueba_bsp/\libhal_bsp.a(alt_main.o)
 .debug_aranges
                0x0000000000000088       0x20 ../nuevaPrueba_bsp/\libhal_bsp.a(alt_sys_init.o)
 .debug_aranges
                0x00000000000000a8       0x20 ../nuevaPrueba_bsp/\libhal_bsp.a(altera_avalon_jtag_uart_fd.o)
 .debug_aranges
                0x00000000000000c8       0x20 ../nuevaPrueba_bsp/\libhal_bsp.a(altera_avalon_jtag_uart_init.o)
 .debug_aranges
                0x00000000000000e8       0x20 ../nuevaPrueba_bsp/\libhal_bsp.a(altera_avalon_jtag_uart_ioctl.o)
 .debug_aranges
                0x0000000000000108       0x20 ../nuevaPrueba_bsp/\libhal_bsp.a(altera_avalon_jtag_uart_read.o)
 .debug_aranges
                0x0000000000000128       0x20 ../nuevaPrueba_bsp/\libhal_bsp.a(altera_avalon_jtag_uart_write.o)
 .debug_aranges
                0x0000000000000148       0x20 ../nuevaPrueba_bsp/\libhal_bsp.a(alt_alarm_start.o)
 .debug_aranges
                0x0000000000000168       0x20 ../nuevaPrueba_bsp/\libhal_bsp.a(alt_close.o)
 .debug_aranges
                0x0000000000000188       0x20 ../nuevaPrueba_bsp/\libhal_bsp.a(alt_dcache_flush_all.o)
 .debug_aranges
                0x00000000000001a8       0x20 ../nuevaPrueba_bsp/\libhal_bsp.a(alt_dev.o)
 .debug_aranges
                0x00000000000001c8       0x20 ../nuevaPrueba_bsp/\libhal_bsp.a(alt_dev_llist_insert.o)
 .debug_aranges
                0x00000000000001e8       0x20 ../nuevaPrueba_bsp/\libhal_bsp.a(alt_do_ctors.o)
 .debug_aranges
                0x0000000000000208       0x20 ../nuevaPrueba_bsp/\libhal_bsp.a(alt_do_dtors.o)
 .debug_aranges
                0x0000000000000228       0x18 ../nuevaPrueba_bsp/\libhal_bsp.a(alt_errno.o)
 .debug_aranges
                0x0000000000000240       0x20 ../nuevaPrueba_bsp/\libhal_bsp.a(alt_icache_flush_all.o)
 .debug_aranges
                0x0000000000000260       0x20 ../nuevaPrueba_bsp/\libhal_bsp.a(alt_iic.o)
 .debug_aranges
                0x0000000000000280       0x20 ../nuevaPrueba_bsp/\libhal_bsp.a(alt_iic_isr_register.o)
 .debug_aranges
                0x00000000000002a0       0x20 ../nuevaPrueba_bsp/\libhal_bsp.a(alt_io_redirect.o)
 .debug_aranges
                0x00000000000002c0       0x30 ../nuevaPrueba_bsp/\libhal_bsp.a(alt_irq_entry.o)
 .debug_aranges
                0x00000000000002f0       0x20 ../nuevaPrueba_bsp/\libhal_bsp.a(alt_irq_handler.o)
 .debug_aranges
                0x0000000000000310       0x18 ../nuevaPrueba_bsp/\libhal_bsp.a(alt_irq_vars.o)
 .debug_aranges
                0x0000000000000328       0x20 ../nuevaPrueba_bsp/\libhal_bsp.a(alt_open.o)
 .debug_aranges
                0x0000000000000348       0x20 ../nuevaPrueba_bsp/\libhal_bsp.a(alt_release_fd.o)
 .debug_aranges
                0x0000000000000368       0x20 ../nuevaPrueba_bsp/\libhal_bsp.a(alt_tick.o)
 .debug_aranges
                0x0000000000000388       0x20 ../nuevaPrueba_bsp/\libhal_bsp.a(altera_nios2_gen2_irq.o)
 .debug_aranges
                0x00000000000003a8       0x38 ../nuevaPrueba_bsp/\libhal_bsp.a(alt_exception_entry.o)
 .debug_aranges
                0x00000000000003e0       0x20 ../nuevaPrueba_bsp/\libhal_bsp.a(alt_find_dev.o)
 .debug_aranges
                0x0000000000000400       0x20 ../nuevaPrueba_bsp/\libhal_bsp.a(alt_find_file.o)
 .debug_aranges
                0x0000000000000420       0x20 ../nuevaPrueba_bsp/\libhal_bsp.a(alt_get_fd.o)
 .debug_aranges
                0x0000000000000440       0x28 ../nuevaPrueba_bsp/\libhal_bsp.a(alt_instruction_exception_entry.o)
 .debug_aranges
                0x0000000000000468       0x20 c:/intelfpga_lite/17.1/nios2eds/bin/gnu/h-x86_64-mingw32/bin/../lib/gcc/nios2-elf/5.3.0/../../../../../H-x86_64-mingw32/nios2-elf/lib/mno-hw-mul\libc.a(lib_a-atexit.o)
 .debug_aranges
                0x0000000000000488       0x20 c:/intelfpga_lite/17.1/nios2eds/bin/gnu/h-x86_64-mingw32/bin/../lib/gcc/nios2-elf/5.3.0/../../../../../H-x86_64-mingw32/nios2-elf/lib/mno-hw-mul\libc.a(lib_a-exit.o)
 .debug_aranges
                0x00000000000004a8       0x18 c:/intelfpga_lite/17.1/nios2eds/bin/gnu/h-x86_64-mingw32/bin/../lib/gcc/nios2-elf/5.3.0/../../../../../H-x86_64-mingw32/nios2-elf/lib/mno-hw-mul\libc.a(lib_a-impure.o)
 .debug_aranges
                0x00000000000004c0       0x18 c:/intelfpga_lite/17.1/nios2eds/bin/gnu/h-x86_64-mingw32/bin/../lib/gcc/nios2-elf/5.3.0/../../../../../H-x86_64-mingw32/nios2-elf/lib/mno-hw-mul\libc.a(lib_a-int_errno.o)
 .debug_aranges
                0x00000000000004d8       0x20 c:/intelfpga_lite/17.1/nios2eds/bin/gnu/h-x86_64-mingw32/bin/../lib/gcc/nios2-elf/5.3.0/../../../../../H-x86_64-mingw32/nios2-elf/lib/mno-hw-mul\libc.a(lib_a-memcmp.o)
 .debug_aranges
                0x00000000000004f8       0x20 c:/intelfpga_lite/17.1/nios2eds/bin/gnu/h-x86_64-mingw32/bin/../lib/gcc/nios2-elf/5.3.0/../../../../../H-x86_64-mingw32/nios2-elf/lib/mno-hw-mul\libc.a(lib_a-memcpy.o)
 .debug_aranges
                0x0000000000000518       0x20 c:/intelfpga_lite/17.1/nios2eds/bin/gnu/h-x86_64-mingw32/bin/../lib/gcc/nios2-elf/5.3.0/../../../../../H-x86_64-mingw32/nios2-elf/lib/mno-hw-mul\libc.a(lib_a-strlen.o)
 .debug_aranges
                0x0000000000000538       0x20 c:/intelfpga_lite/17.1/nios2eds/bin/gnu/h-x86_64-mingw32/bin/../lib/gcc/nios2-elf/5.3.0/../../../../../H-x86_64-mingw32/nios2-elf/lib/mno-hw-mul\libc.a(lib_a-__atexit.o)
 .debug_aranges
                0x0000000000000558       0x20 c:/intelfpga_lite/17.1/nios2eds/bin/gnu/h-x86_64-mingw32/bin/../lib/gcc/nios2-elf/5.3.0/../../../../../H-x86_64-mingw32/nios2-elf/lib/mno-hw-mul\libc.a(lib_a-__call_atexit.o)
 .debug_aranges
                0x0000000000000578       0x20 c:/intelfpga_lite/17.1/nios2eds/bin/gnu/h-x86_64-mingw32/bin/../lib/gcc/nios2-elf/5.3.0/mno-hw-mul\libgcc.a(lib2-mul.o)
 .debug_aranges
                0x0000000000000598       0x20 ../nuevaPrueba_bsp/\libhal_bsp.a(alt_exit.o)

.debug_pubnames
 *(.debug_pubnames)

.debug_info     0x0000000000000000     0x74c4
 *(.debug_info .gnu.linkonce.wi.*)
 .debug_info    0x0000000000000000       0x86 ../nuevaPrueba_bsp//obj/HAL/src/crt0.o
 .debug_info    0x0000000000000086       0x37 obj/default/hello_world.o
 .debug_info    0x00000000000000bd      0x145 ../nuevaPrueba_bsp/\libhal_bsp.a(alt_load.o)
 .debug_info    0x0000000000000202      0x131 ../nuevaPrueba_bsp/\libhal_bsp.a(alt_main.o)
 .debug_info    0x0000000000000333      0x4c3 ../nuevaPrueba_bsp/\libhal_bsp.a(alt_sys_init.o)
 .debug_info    0x00000000000007f6      0x52e ../nuevaPrueba_bsp/\libhal_bsp.a(altera_avalon_jtag_uart_fd.o)
 .debug_info    0x0000000000000d24      0x3a0 ../nuevaPrueba_bsp/\libhal_bsp.a(altera_avalon_jtag_uart_init.o)
 .debug_info    0x00000000000010c4      0x280 ../nuevaPrueba_bsp/\libhal_bsp.a(altera_avalon_jtag_uart_ioctl.o)
 .debug_info    0x0000000000001344      0x345 ../nuevaPrueba_bsp/\libhal_bsp.a(altera_avalon_jtag_uart_read.o)
 .debug_info    0x0000000000001689      0x340 ../nuevaPrueba_bsp/\libhal_bsp.a(altera_avalon_jtag_uart_write.o)
 .debug_info    0x00000000000019c9      0x2cc ../nuevaPrueba_bsp/\libhal_bsp.a(alt_alarm_start.o)
 .debug_info    0x0000000000001c95      0x321 ../nuevaPrueba_bsp/\libhal_bsp.a(alt_close.o)
 .debug_info    0x0000000000001fb6       0x92 ../nuevaPrueba_bsp/\libhal_bsp.a(alt_dcache_flush_all.o)
 .debug_info    0x0000000000002048      0x49c ../nuevaPrueba_bsp/\libhal_bsp.a(alt_dev.o)
 .debug_info    0x00000000000024e4      0x1a9 ../nuevaPrueba_bsp/\libhal_bsp.a(alt_dev_llist_insert.o)
 .debug_info    0x000000000000268d       0x83 ../nuevaPrueba_bsp/\libhal_bsp.a(alt_do_ctors.o)
 .debug_info    0x0000000000002710       0x83 ../nuevaPrueba_bsp/\libhal_bsp.a(alt_do_dtors.o)
 .debug_info    0x0000000000002793       0xa6 ../nuevaPrueba_bsp/\libhal_bsp.a(alt_errno.o)
 .debug_info    0x0000000000002839       0x92 ../nuevaPrueba_bsp/\libhal_bsp.a(alt_icache_flush_all.o)
 .debug_info    0x00000000000028cb      0x350 ../nuevaPrueba_bsp/\libhal_bsp.a(alt_iic.o)
 .debug_info    0x0000000000002c1b      0x1ef ../nuevaPrueba_bsp/\libhal_bsp.a(alt_iic_isr_register.o)
 .debug_info    0x0000000000002e0a      0x4a5 ../nuevaPrueba_bsp/\libhal_bsp.a(alt_io_redirect.o)
 .debug_info    0x00000000000032af       0x8f ../nuevaPrueba_bsp/\libhal_bsp.a(alt_irq_entry.o)
 .debug_info    0x000000000000333e      0x187 ../nuevaPrueba_bsp/\libhal_bsp.a(alt_irq_handler.o)
 .debug_info    0x00000000000034c5       0x88 ../nuevaPrueba_bsp/\libhal_bsp.a(alt_irq_vars.o)
 .debug_info    0x000000000000354d      0x3bb ../nuevaPrueba_bsp/\libhal_bsp.a(alt_open.o)
 .debug_info    0x0000000000003908      0x2b0 ../nuevaPrueba_bsp/\libhal_bsp.a(alt_release_fd.o)
 .debug_info    0x0000000000003bb8      0x299 ../nuevaPrueba_bsp/\libhal_bsp.a(alt_tick.o)
 .debug_info    0x0000000000003e51       0x92 ../nuevaPrueba_bsp/\libhal_bsp.a(altera_nios2_gen2_irq.o)
 .debug_info    0x0000000000003ee3       0x95 ../nuevaPrueba_bsp/\libhal_bsp.a(alt_exception_entry.o)
 .debug_info    0x0000000000003f78      0x2e9 ../nuevaPrueba_bsp/\libhal_bsp.a(alt_find_dev.o)
 .debug_info    0x0000000000004261      0x2e6 ../nuevaPrueba_bsp/\libhal_bsp.a(alt_find_file.o)
 .debug_info    0x0000000000004547      0x310 ../nuevaPrueba_bsp/\libhal_bsp.a(alt_get_fd.o)
 .debug_info    0x0000000000004857      0x1e7 ../nuevaPrueba_bsp/\libhal_bsp.a(alt_instruction_exception_entry.o)
 .debug_info    0x0000000000004a3e       0xfe c:/intelfpga_lite/17.1/nios2eds/bin/gnu/h-x86_64-mingw32/bin/../lib/gcc/nios2-elf/5.3.0/../../../../../H-x86_64-mingw32/nios2-elf/lib/mno-hw-mul\libc.a(lib_a-atexit.o)
 .debug_info    0x0000000000004b3c      0x8e4 c:/intelfpga_lite/17.1/nios2eds/bin/gnu/h-x86_64-mingw32/bin/../lib/gcc/nios2-elf/5.3.0/../../../../../H-x86_64-mingw32/nios2-elf/lib/mno-hw-mul\libc.a(lib_a-exit.o)
 .debug_info    0x0000000000005420      0x8a1 c:/intelfpga_lite/17.1/nios2eds/bin/gnu/h-x86_64-mingw32/bin/../lib/gcc/nios2-elf/5.3.0/../../../../../H-x86_64-mingw32/nios2-elf/lib/mno-hw-mul\libc.a(lib_a-impure.o)
 .debug_info    0x0000000000005cc1       0x8a c:/intelfpga_lite/17.1/nios2eds/bin/gnu/h-x86_64-mingw32/bin/../lib/gcc/nios2-elf/5.3.0/../../../../../H-x86_64-mingw32/nios2-elf/lib/mno-hw-mul\libc.a(lib_a-int_errno.o)
 .debug_info    0x0000000000005d4b      0x11a c:/intelfpga_lite/17.1/nios2eds/bin/gnu/h-x86_64-mingw32/bin/../lib/gcc/nios2-elf/5.3.0/../../../../../H-x86_64-mingw32/nios2-elf/lib/mno-hw-mul\libc.a(lib_a-memcmp.o)
 .debug_info    0x0000000000005e65      0x144 c:/intelfpga_lite/17.1/nios2eds/bin/gnu/h-x86_64-mingw32/bin/../lib/gcc/nios2-elf/5.3.0/../../../../../H-x86_64-mingw32/nios2-elf/lib/mno-hw-mul\libc.a(lib_a-memcpy.o)
 .debug_info    0x0000000000005fa9       0xe2 c:/intelfpga_lite/17.1/nios2eds/bin/gnu/h-x86_64-mingw32/bin/../lib/gcc/nios2-elf/5.3.0/../../../../../H-x86_64-mingw32/nios2-elf/lib/mno-hw-mul\libc.a(lib_a-strlen.o)
 .debug_info    0x000000000000608b      0x934 c:/intelfpga_lite/17.1/nios2eds/bin/gnu/h-x86_64-mingw32/bin/../lib/gcc/nios2-elf/5.3.0/../../../../../H-x86_64-mingw32/nios2-elf/lib/mno-hw-mul\libc.a(lib_a-__atexit.o)
 .debug_info    0x00000000000069bf      0x965 c:/intelfpga_lite/17.1/nios2eds/bin/gnu/h-x86_64-mingw32/bin/../lib/gcc/nios2-elf/5.3.0/../../../../../H-x86_64-mingw32/nios2-elf/lib/mno-hw-mul\libc.a(lib_a-__call_atexit.o)
 .debug_info    0x0000000000007324       0xb4 c:/intelfpga_lite/17.1/nios2eds/bin/gnu/h-x86_64-mingw32/bin/../lib/gcc/nios2-elf/5.3.0/mno-hw-mul\libgcc.a(lib2-mul.o)
 .debug_info    0x00000000000073d8       0xec ../nuevaPrueba_bsp/\libhal_bsp.a(alt_exit.o)

.debug_abbrev   0x0000000000000000     0x28de
 *(.debug_abbrev)
 .debug_abbrev  0x0000000000000000       0x12 ../nuevaPrueba_bsp//obj/HAL/src/crt0.o
 .debug_abbrev  0x0000000000000012       0x2a obj/default/hello_world.o
 .debug_abbrev  0x000000000000003c       0x9f ../nuevaPrueba_bsp/\libhal_bsp.a(alt_load.o)
 .debug_abbrev  0x00000000000000db       0xba ../nuevaPrueba_bsp/\libhal_bsp.a(alt_main.o)
 .debug_abbrev  0x0000000000000195      0x187 ../nuevaPrueba_bsp/\libhal_bsp.a(alt_sys_init.o)
 .debug_abbrev  0x000000000000031c      0x127 ../nuevaPrueba_bsp/\libhal_bsp.a(altera_avalon_jtag_uart_fd.o)
 .debug_abbrev  0x0000000000000443      0x19e ../nuevaPrueba_bsp/\libhal_bsp.a(altera_avalon_jtag_uart_init.o)
 .debug_abbrev  0x00000000000005e1      0x111 ../nuevaPrueba_bsp/\libhal_bsp.a(altera_avalon_jtag_uart_ioctl.o)
 .debug_abbrev  0x00000000000006f2      0x1aa ../nuevaPrueba_bsp/\libhal_bsp.a(altera_avalon_jtag_uart_read.o)
 .debug_abbrev  0x000000000000089c      0x1a8 ../nuevaPrueba_bsp/\libhal_bsp.a(altera_avalon_jtag_uart_write.o)
 .debug_abbrev  0x0000000000000a44      0x162 ../nuevaPrueba_bsp/\libhal_bsp.a(alt_alarm_start.o)
 .debug_abbrev  0x0000000000000ba6      0x11f ../nuevaPrueba_bsp/\libhal_bsp.a(alt_close.o)
 .debug_abbrev  0x0000000000000cc5       0x42 ../nuevaPrueba_bsp/\libhal_bsp.a(alt_dcache_flush_all.o)
 .debug_abbrev  0x0000000000000d07       0xd9 ../nuevaPrueba_bsp/\libhal_bsp.a(alt_dev.o)
 .debug_abbrev  0x0000000000000de0      0x114 ../nuevaPrueba_bsp/\libhal_bsp.a(alt_dev_llist_insert.o)
 .debug_abbrev  0x0000000000000ef4       0x79 ../nuevaPrueba_bsp/\libhal_bsp.a(alt_do_ctors.o)
 .debug_abbrev  0x0000000000000f6d       0x79 ../nuevaPrueba_bsp/\libhal_bsp.a(alt_do_dtors.o)
 .debug_abbrev  0x0000000000000fe6       0x5a ../nuevaPrueba_bsp/\libhal_bsp.a(alt_errno.o)
 .debug_abbrev  0x0000000000001040       0x42 ../nuevaPrueba_bsp/\libhal_bsp.a(alt_icache_flush_all.o)
 .debug_abbrev  0x0000000000001082      0x163 ../nuevaPrueba_bsp/\libhal_bsp.a(alt_iic.o)
 .debug_abbrev  0x00000000000011e5      0x169 ../nuevaPrueba_bsp/\libhal_bsp.a(alt_iic_isr_register.o)
 .debug_abbrev  0x000000000000134e      0x114 ../nuevaPrueba_bsp/\libhal_bsp.a(alt_io_redirect.o)
 .debug_abbrev  0x0000000000001462       0x12 ../nuevaPrueba_bsp/\libhal_bsp.a(alt_irq_entry.o)
 .debug_abbrev  0x0000000000001474      0x122 ../nuevaPrueba_bsp/\libhal_bsp.a(alt_irq_handler.o)
 .debug_abbrev  0x0000000000001596       0x40 ../nuevaPrueba_bsp/\libhal_bsp.a(alt_irq_vars.o)
 .debug_abbrev  0x00000000000015d6      0x148 ../nuevaPrueba_bsp/\libhal_bsp.a(alt_open.o)
 .debug_abbrev  0x000000000000171e       0xde ../nuevaPrueba_bsp/\libhal_bsp.a(alt_release_fd.o)
 .debug_abbrev  0x00000000000017fc      0x15a ../nuevaPrueba_bsp/\libhal_bsp.a(alt_tick.o)
 .debug_abbrev  0x0000000000001956       0x42 ../nuevaPrueba_bsp/\libhal_bsp.a(altera_nios2_gen2_irq.o)
 .debug_abbrev  0x0000000000001998       0x12 ../nuevaPrueba_bsp/\libhal_bsp.a(alt_exception_entry.o)
 .debug_abbrev  0x00000000000019aa       0xf0 ../nuevaPrueba_bsp/\libhal_bsp.a(alt_find_dev.o)
 .debug_abbrev  0x0000000000001a9a       0xf0 ../nuevaPrueba_bsp/\libhal_bsp.a(alt_find_file.o)
 .debug_abbrev  0x0000000000001b8a      0x10d ../nuevaPrueba_bsp/\libhal_bsp.a(alt_get_fd.o)
 .debug_abbrev  0x0000000000001c97       0xdc ../nuevaPrueba_bsp/\libhal_bsp.a(alt_instruction_exception_entry.o)
 .debug_abbrev  0x0000000000001d73       0xaa c:/intelfpga_lite/17.1/nios2eds/bin/gnu/h-x86_64-mingw32/bin/../lib/gcc/nios2-elf/5.3.0/../../../../../H-x86_64-mingw32/nios2-elf/lib/mno-hw-mul\libc.a(lib_a-atexit.o)
 .debug_abbrev  0x0000000000001e1d      0x1e5 c:/intelfpga_lite/17.1/nios2eds/bin/gnu/h-x86_64-mingw32/bin/../lib/gcc/nios2-elf/5.3.0/../../../../../H-x86_64-mingw32/nios2-elf/lib/mno-hw-mul\libc.a(lib_a-exit.o)
 .debug_abbrev  0x0000000000002002      0x18f c:/intelfpga_lite/17.1/nios2eds/bin/gnu/h-x86_64-mingw32/bin/../lib/gcc/nios2-elf/5.3.0/../../../../../H-x86_64-mingw32/nios2-elf/lib/mno-hw-mul\libc.a(lib_a-impure.o)
 .debug_abbrev  0x0000000000002191       0x37 c:/intelfpga_lite/17.1/nios2eds/bin/gnu/h-x86_64-mingw32/bin/../lib/gcc/nios2-elf/5.3.0/../../../../../H-x86_64-mingw32/nios2-elf/lib/mno-hw-mul\libc.a(lib_a-int_errno.o)
 .debug_abbrev  0x00000000000021c8       0x7f c:/intelfpga_lite/17.1/nios2eds/bin/gnu/h-x86_64-mingw32/bin/../lib/gcc/nios2-elf/5.3.0/../../../../../H-x86_64-mingw32/nios2-elf/lib/mno-hw-mul\libc.a(lib_a-memcmp.o)
 .debug_abbrev  0x0000000000002247       0xa3 c:/intelfpga_lite/17.1/nios2eds/bin/gnu/h-x86_64-mingw32/bin/../lib/gcc/nios2-elf/5.3.0/../../../../../H-x86_64-mingw32/nios2-elf/lib/mno-hw-mul\libc.a(lib_a-memcpy.o)
 .debug_abbrev  0x00000000000022ea       0x90 c:/intelfpga_lite/17.1/nios2eds/bin/gnu/h-x86_64-mingw32/bin/../lib/gcc/nios2-elf/5.3.0/../../../../../H-x86_64-mingw32/nios2-elf/lib/mno-hw-mul\libc.a(lib_a-strlen.o)
 .debug_abbrev  0x000000000000237a      0x21e c:/intelfpga_lite/17.1/nios2eds/bin/gnu/h-x86_64-mingw32/bin/../lib/gcc/nios2-elf/5.3.0/../../../../../H-x86_64-mingw32/nios2-elf/lib/mno-hw-mul\libc.a(lib_a-__atexit.o)
 .debug_abbrev  0x0000000000002598      0x22e c:/intelfpga_lite/17.1/nios2eds/bin/gnu/h-x86_64-mingw32/bin/../lib/gcc/nios2-elf/5.3.0/../../../../../H-x86_64-mingw32/nios2-elf/lib/mno-hw-mul\libc.a(lib_a-__call_atexit.o)
 .debug_abbrev  0x00000000000027c6       0x6f c:/intelfpga_lite/17.1/nios2eds/bin/gnu/h-x86_64-mingw32/bin/../lib/gcc/nios2-elf/5.3.0/mno-hw-mul\libgcc.a(lib2-mul.o)
 .debug_abbrev  0x0000000000002835       0xa9 ../nuevaPrueba_bsp/\libhal_bsp.a(alt_exit.o)

.debug_line     0x0000000000000000     0x2955
 *(.debug_line)
 .debug_line    0x0000000000000000       0x66 ../nuevaPrueba_bsp//obj/HAL/src/crt0.o
 .debug_line    0x0000000000000066       0x42 obj/default/hello_world.o
 .debug_line    0x00000000000000a8       0x8e ../nuevaPrueba_bsp/\libhal_bsp.a(alt_load.o)
 .debug_line    0x0000000000000136       0xa4 ../nuevaPrueba_bsp/\libhal_bsp.a(alt_main.o)
 .debug_line    0x00000000000001da      0x136 ../nuevaPrueba_bsp/\libhal_bsp.a(alt_sys_init.o)
 .debug_line    0x0000000000000310      0x12f ../nuevaPrueba_bsp/\libhal_bsp.a(altera_avalon_jtag_uart_fd.o)
 .debug_line    0x000000000000043f      0x18b ../nuevaPrueba_bsp/\libhal_bsp.a(altera_avalon_jtag_uart_init.o)
 .debug_line    0x00000000000005ca      0x131 ../nuevaPrueba_bsp/\libhal_bsp.a(altera_avalon_jtag_uart_ioctl.o)
 .debug_line    0x00000000000006fb      0x171 ../nuevaPrueba_bsp/\libhal_bsp.a(altera_avalon_jtag_uart_read.o)
 .debug_line    0x000000000000086c      0x170 ../nuevaPrueba_bsp/\libhal_bsp.a(altera_avalon_jtag_uart_write.o)
 .debug_line    0x00000000000009dc       0xf9 ../nuevaPrueba_bsp/\libhal_bsp.a(alt_alarm_start.o)
 .debug_line    0x0000000000000ad5      0x165 ../nuevaPrueba_bsp/\libhal_bsp.a(alt_close.o)
 .debug_line    0x0000000000000c3a       0x51 ../nuevaPrueba_bsp/\libhal_bsp.a(alt_dcache_flush_all.o)
 .debug_line    0x0000000000000c8b       0xf8 ../nuevaPrueba_bsp/\libhal_bsp.a(alt_dev.o)
 .debug_line    0x0000000000000d83       0xcf ../nuevaPrueba_bsp/\libhal_bsp.a(alt_dev_llist_insert.o)
 .debug_line    0x0000000000000e52       0x59 ../nuevaPrueba_bsp/\libhal_bsp.a(alt_do_ctors.o)
 .debug_line    0x0000000000000eab       0x59 ../nuevaPrueba_bsp/\libhal_bsp.a(alt_do_dtors.o)
 .debug_line    0x0000000000000f04       0x51 ../nuevaPrueba_bsp/\libhal_bsp.a(alt_errno.o)
 .debug_line    0x0000000000000f55       0x4f ../nuevaPrueba_bsp/\libhal_bsp.a(alt_icache_flush_all.o)
 .debug_line    0x0000000000000fa4       0xeb ../nuevaPrueba_bsp/\libhal_bsp.a(alt_iic.o)
 .debug_line    0x000000000000108f       0xdb ../nuevaPrueba_bsp/\libhal_bsp.a(alt_iic_isr_register.o)
 .debug_line    0x000000000000116a      0x135 ../nuevaPrueba_bsp/\libhal_bsp.a(alt_io_redirect.o)
 .debug_line    0x000000000000129f       0x6b ../nuevaPrueba_bsp/\libhal_bsp.a(alt_irq_entry.o)
 .debug_line    0x000000000000130a       0xaa ../nuevaPrueba_bsp/\libhal_bsp.a(alt_irq_handler.o)
 .debug_line    0x00000000000013b4       0x50 ../nuevaPrueba_bsp/\libhal_bsp.a(alt_irq_vars.o)
 .debug_line    0x0000000000001404      0x12b ../nuevaPrueba_bsp/\libhal_bsp.a(alt_open.o)
 .debug_line    0x000000000000152f       0xb0 ../nuevaPrueba_bsp/\libhal_bsp.a(alt_release_fd.o)
 .debug_line    0x00000000000015df       0xff ../nuevaPrueba_bsp/\libhal_bsp.a(alt_tick.o)
 .debug_line    0x00000000000016de       0x51 ../nuevaPrueba_bsp/\libhal_bsp.a(altera_nios2_gen2_irq.o)
 .debug_line    0x000000000000172f       0xb3 ../nuevaPrueba_bsp/\libhal_bsp.a(alt_exception_entry.o)
 .debug_line    0x00000000000017e2       0xb5 ../nuevaPrueba_bsp/\libhal_bsp.a(alt_find_dev.o)
 .debug_line    0x0000000000001897       0xd1 ../nuevaPrueba_bsp/\libhal_bsp.a(alt_find_file.o)
 .debug_line    0x0000000000001968       0xd7 ../nuevaPrueba_bsp/\libhal_bsp.a(alt_get_fd.o)
 .debug_line    0x0000000000001a3f       0xb9 ../nuevaPrueba_bsp/\libhal_bsp.a(alt_instruction_exception_entry.o)
 .debug_line    0x0000000000001af8       0xe7 c:/intelfpga_lite/17.1/nios2eds/bin/gnu/h-x86_64-mingw32/bin/../lib/gcc/nios2-elf/5.3.0/../../../../../H-x86_64-mingw32/nios2-elf/lib/mno-hw-mul\libc.a(lib_a-atexit.o)
 .debug_line    0x0000000000001bdf      0x1fc c:/intelfpga_lite/17.1/nios2eds/bin/gnu/h-x86_64-mingw32/bin/../lib/gcc/nios2-elf/5.3.0/../../../../../H-x86_64-mingw32/nios2-elf/lib/mno-hw-mul\libc.a(lib_a-exit.o)
 .debug_line    0x0000000000001ddb      0x160 c:/intelfpga_lite/17.1/nios2eds/bin/gnu/h-x86_64-mingw32/bin/../lib/gcc/nios2-elf/5.3.0/../../../../../H-x86_64-mingw32/nios2-elf/lib/mno-hw-mul\libc.a(lib_a-impure.o)
 .debug_line    0x0000000000001f3b       0x5f c:/intelfpga_lite/17.1/nios2eds/bin/gnu/h-x86_64-mingw32/bin/../lib/gcc/nios2-elf/5.3.0/../../../../../H-x86_64-mingw32/nios2-elf/lib/mno-hw-mul\libc.a(lib_a-int_errno.o)
 .debug_line    0x0000000000001f9a      0x176 c:/intelfpga_lite/17.1/nios2eds/bin/gnu/h-x86_64-mingw32/bin/../lib/gcc/nios2-elf/5.3.0/../../../../../H-x86_64-mingw32/nios2-elf/lib/mno-hw-mul\libc.a(lib_a-memcmp.o)
 .debug_line    0x0000000000002110      0x18c c:/intelfpga_lite/17.1/nios2eds/bin/gnu/h-x86_64-mingw32/bin/../lib/gcc/nios2-elf/5.3.0/../../../../../H-x86_64-mingw32/nios2-elf/lib/mno-hw-mul\libc.a(lib_a-memcpy.o)
 .debug_line    0x000000000000229c      0x16f c:/intelfpga_lite/17.1/nios2eds/bin/gnu/h-x86_64-mingw32/bin/../lib/gcc/nios2-elf/5.3.0/../../../../../H-x86_64-mingw32/nios2-elf/lib/mno-hw-mul\libc.a(lib_a-strlen.o)
 .debug_line    0x000000000000240b      0x21f c:/intelfpga_lite/17.1/nios2eds/bin/gnu/h-x86_64-mingw32/bin/../lib/gcc/nios2-elf/5.3.0/../../../../../H-x86_64-mingw32/nios2-elf/lib/mno-hw-mul\libc.a(lib_a-__atexit.o)
 .debug_line    0x000000000000262a      0x23a c:/intelfpga_lite/17.1/nios2eds/bin/gnu/h-x86_64-mingw32/bin/../lib/gcc/nios2-elf/5.3.0/../../../../../H-x86_64-mingw32/nios2-elf/lib/mno-hw-mul\libc.a(lib_a-__call_atexit.o)
 .debug_line    0x0000000000002864       0x80 c:/intelfpga_lite/17.1/nios2eds/bin/gnu/h-x86_64-mingw32/bin/../lib/gcc/nios2-elf/5.3.0/mno-hw-mul\libgcc.a(lib2-mul.o)
 .debug_line    0x00000000000028e4       0x71 ../nuevaPrueba_bsp/\libhal_bsp.a(alt_exit.o)

.debug_frame    0x0000000000000000      0xaa4
 *(.debug_frame)
 .debug_frame   0x0000000000000000       0x2c obj/default/hello_world.o
 .debug_frame   0x000000000000002c       0x5c ../nuevaPrueba_bsp/\libhal_bsp.a(alt_load.o)
 .debug_frame   0x0000000000000088       0x2c ../nuevaPrueba_bsp/\libhal_bsp.a(alt_main.o)
 .debug_frame   0x00000000000000b4       0x88 ../nuevaPrueba_bsp/\libhal_bsp.a(alt_sys_init.o)
 .debug_frame   0x000000000000013c       0xb0 ../nuevaPrueba_bsp/\libhal_bsp.a(altera_avalon_jtag_uart_fd.o)
 .debug_frame   0x00000000000001ec       0xa4 ../nuevaPrueba_bsp/\libhal_bsp.a(altera_avalon_jtag_uart_init.o)
 .debug_frame   0x0000000000000290       0x34 ../nuevaPrueba_bsp/\libhal_bsp.a(altera_avalon_jtag_uart_ioctl.o)
 .debug_frame   0x00000000000002c4       0x38 ../nuevaPrueba_bsp/\libhal_bsp.a(altera_avalon_jtag_uart_read.o)
 .debug_frame   0x00000000000002fc       0x38 ../nuevaPrueba_bsp/\libhal_bsp.a(altera_avalon_jtag_uart_write.o)
 .debug_frame   0x0000000000000334       0x34 ../nuevaPrueba_bsp/\libhal_bsp.a(alt_alarm_start.o)
 .debug_frame   0x0000000000000368       0x60 ../nuevaPrueba_bsp/\libhal_bsp.a(alt_close.o)
 .debug_frame   0x00000000000003c8       0x34 ../nuevaPrueba_bsp/\libhal_bsp.a(alt_dcache_flush_all.o)
 .debug_frame   0x00000000000003fc       0x34 ../nuevaPrueba_bsp/\libhal_bsp.a(alt_dev.o)
 .debug_frame   0x0000000000000430       0x60 ../nuevaPrueba_bsp/\libhal_bsp.a(alt_dev_llist_insert.o)
 .debug_frame   0x0000000000000490       0x38 ../nuevaPrueba_bsp/\libhal_bsp.a(alt_do_ctors.o)
 .debug_frame   0x00000000000004c8       0x38 ../nuevaPrueba_bsp/\libhal_bsp.a(alt_do_dtors.o)
 .debug_frame   0x0000000000000500       0x34 ../nuevaPrueba_bsp/\libhal_bsp.a(alt_icache_flush_all.o)
 .debug_frame   0x0000000000000534       0xa4 ../nuevaPrueba_bsp/\libhal_bsp.a(alt_iic.o)
 .debug_frame   0x00000000000005d8       0x38 ../nuevaPrueba_bsp/\libhal_bsp.a(alt_iic_isr_register.o)
 .debug_frame   0x0000000000000610       0x64 ../nuevaPrueba_bsp/\libhal_bsp.a(alt_io_redirect.o)
 .debug_frame   0x0000000000000674       0x38 ../nuevaPrueba_bsp/\libhal_bsp.a(alt_irq_handler.o)
 .debug_frame   0x00000000000006ac       0x8c ../nuevaPrueba_bsp/\libhal_bsp.a(alt_open.o)
 .debug_frame   0x0000000000000738       0x3c ../nuevaPrueba_bsp/\libhal_bsp.a(alt_release_fd.o)
 .debug_frame   0x0000000000000774       0x5c ../nuevaPrueba_bsp/\libhal_bsp.a(alt_tick.o)
 .debug_frame   0x00000000000007d0       0x34 ../nuevaPrueba_bsp/\libhal_bsp.a(altera_nios2_gen2_irq.o)
 .debug_frame   0x0000000000000804       0x38 ../nuevaPrueba_bsp/\libhal_bsp.a(alt_find_dev.o)
 .debug_frame   0x000000000000083c       0x38 ../nuevaPrueba_bsp/\libhal_bsp.a(alt_find_file.o)
 .debug_frame   0x0000000000000874       0x3c ../nuevaPrueba_bsp/\libhal_bsp.a(alt_get_fd.o)
 .debug_frame   0x00000000000008b0       0x5c ../nuevaPrueba_bsp/\libhal_bsp.a(alt_instruction_exception_entry.o)
 .debug_frame   0x000000000000090c       0x20 c:/intelfpga_lite/17.1/nios2eds/bin/gnu/h-x86_64-mingw32/bin/../lib/gcc/nios2-elf/5.3.0/../../../../../H-x86_64-mingw32/nios2-elf/lib/mno-hw-mul\libc.a(lib_a-atexit.o)
 .debug_frame   0x000000000000092c       0x28 c:/intelfpga_lite/17.1/nios2eds/bin/gnu/h-x86_64-mingw32/bin/../lib/gcc/nios2-elf/5.3.0/../../../../../H-x86_64-mingw32/nios2-elf/lib/mno-hw-mul\libc.a(lib_a-exit.o)
 .debug_frame   0x0000000000000954       0x20 c:/intelfpga_lite/17.1/nios2eds/bin/gnu/h-x86_64-mingw32/bin/../lib/gcc/nios2-elf/5.3.0/../../../../../H-x86_64-mingw32/nios2-elf/lib/mno-hw-mul\libc.a(lib_a-memcmp.o)
 .debug_frame   0x0000000000000974       0x38 c:/intelfpga_lite/17.1/nios2eds/bin/gnu/h-x86_64-mingw32/bin/../lib/gcc/nios2-elf/5.3.0/../../../../../H-x86_64-mingw32/nios2-elf/lib/mno-hw-mul\libc.a(lib_a-memcpy.o)
 .debug_frame   0x00000000000009ac       0x20 c:/intelfpga_lite/17.1/nios2eds/bin/gnu/h-x86_64-mingw32/bin/../lib/gcc/nios2-elf/5.3.0/../../../../../H-x86_64-mingw32/nios2-elf/lib/mno-hw-mul\libc.a(lib_a-strlen.o)
 .debug_frame   0x00000000000009cc       0x38 c:/intelfpga_lite/17.1/nios2eds/bin/gnu/h-x86_64-mingw32/bin/../lib/gcc/nios2-elf/5.3.0/../../../../../H-x86_64-mingw32/nios2-elf/lib/mno-hw-mul\libc.a(lib_a-__atexit.o)
 .debug_frame   0x0000000000000a04       0x54 c:/intelfpga_lite/17.1/nios2eds/bin/gnu/h-x86_64-mingw32/bin/../lib/gcc/nios2-elf/5.3.0/../../../../../H-x86_64-mingw32/nios2-elf/lib/mno-hw-mul\libc.a(lib_a-__call_atexit.o)
 .debug_frame   0x0000000000000a58       0x20 c:/intelfpga_lite/17.1/nios2eds/bin/gnu/h-x86_64-mingw32/bin/../lib/gcc/nios2-elf/5.3.0/mno-hw-mul\libgcc.a(lib2-mul.o)
 .debug_frame   0x0000000000000a78       0x2c ../nuevaPrueba_bsp/\libhal_bsp.a(alt_exit.o)

.debug_str      0x0000000000000000     0x1b87
 *(.debug_str)
 .debug_str     0x0000000000000000       0xa5 obj/default/hello_world.o
                                         0xaa (size before relaxing)
 .debug_str     0x00000000000000a5      0x1a8 ../nuevaPrueba_bsp/\libhal_bsp.a(alt_load.o)
                                        0x22a (size before relaxing)
 .debug_str     0x000000000000024d       0x70 ../nuevaPrueba_bsp/\libhal_bsp.a(alt_main.o)
                                        0x1b5 (size before relaxing)
 .debug_str     0x00000000000002bd      0x1a2 ../nuevaPrueba_bsp/\libhal_bsp.a(alt_sys_init.o)
                                        0x370 (size before relaxing)
 .debug_str     0x000000000000045f       0xb9 ../nuevaPrueba_bsp/\libhal_bsp.a(altera_avalon_jtag_uart_fd.o)
                                        0x3bc (size before relaxing)
 .debug_str     0x0000000000000518       0xd1 ../nuevaPrueba_bsp/\libhal_bsp.a(altera_avalon_jtag_uart_init.o)
                                        0x350 (size before relaxing)
 .debug_str     0x00000000000005e9       0x4a ../nuevaPrueba_bsp/\libhal_bsp.a(altera_avalon_jtag_uart_ioctl.o)
                                        0x2ab (size before relaxing)
 .debug_str     0x0000000000000633       0x7f ../nuevaPrueba_bsp/\libhal_bsp.a(altera_avalon_jtag_uart_read.o)
                                        0x300 (size before relaxing)
 .debug_str     0x00000000000006b2       0x4a ../nuevaPrueba_bsp/\libhal_bsp.a(altera_avalon_jtag_uart_write.o)
                                        0x301 (size before relaxing)
 .debug_str     0x00000000000006fc       0x59 ../nuevaPrueba_bsp/\libhal_bsp.a(alt_alarm_start.o)
                                        0x296 (size before relaxing)
 .debug_str     0x0000000000000755       0x44 ../nuevaPrueba_bsp/\libhal_bsp.a(alt_close.o)
                                        0x223 (size before relaxing)
 .debug_str     0x0000000000000799       0x34 ../nuevaPrueba_bsp/\libhal_bsp.a(alt_dcache_flush_all.o)
                                        0x16d (size before relaxing)
 .debug_str     0x00000000000007cd      0x120 ../nuevaPrueba_bsp/\libhal_bsp.a(alt_dev.o)
                                        0x31d (size before relaxing)
 .debug_str     0x00000000000008ed       0x34 ../nuevaPrueba_bsp/\libhal_bsp.a(alt_dev_llist_insert.o)
                                        0x1e4 (size before relaxing)
 .debug_str     0x0000000000000921       0x48 ../nuevaPrueba_bsp/\libhal_bsp.a(alt_do_ctors.o)
                                         0xe8 (size before relaxing)
 .debug_str     0x0000000000000969       0x4c ../nuevaPrueba_bsp/\libhal_bsp.a(alt_do_dtors.o)
                                         0xe7 (size before relaxing)
 .debug_str     0x00000000000009b5       0x14 ../nuevaPrueba_bsp/\libhal_bsp.a(alt_errno.o)
                                        0x15d (size before relaxing)
 .debug_str     0x00000000000009c9       0x34 ../nuevaPrueba_bsp/\libhal_bsp.a(alt_icache_flush_all.o)
                                        0x16d (size before relaxing)
 .debug_str     0x00000000000009fd       0xc4 ../nuevaPrueba_bsp/\libhal_bsp.a(alt_iic.o)
                                        0x256 (size before relaxing)
 .debug_str     0x0000000000000ac1       0x4c ../nuevaPrueba_bsp/\libhal_bsp.a(alt_iic_isr_register.o)
                                        0x200 (size before relaxing)
 .debug_str     0x0000000000000b0d       0x56 ../nuevaPrueba_bsp/\libhal_bsp.a(alt_io_redirect.o)
                                        0x32e (size before relaxing)
 .debug_str     0x0000000000000b63       0x3a ../nuevaPrueba_bsp/\libhal_bsp.a(alt_irq_handler.o)
                                        0x1af (size before relaxing)
 .debug_str     0x0000000000000b9d       0x17 ../nuevaPrueba_bsp/\libhal_bsp.a(alt_irq_vars.o)
                                        0x152 (size before relaxing)
 .debug_str     0x0000000000000bb4       0x2f ../nuevaPrueba_bsp/\libhal_bsp.a(alt_open.o)
                                        0x263 (size before relaxing)
 .debug_str     0x0000000000000be3       0x28 ../nuevaPrueba_bsp/\libhal_bsp.a(alt_release_fd.o)
                                        0x1eb (size before relaxing)
 .debug_str     0x0000000000000c0b       0x4a ../nuevaPrueba_bsp/\libhal_bsp.a(alt_tick.o)
                                        0x26a (size before relaxing)
 .debug_str     0x0000000000000c55       0x3b ../nuevaPrueba_bsp/\libhal_bsp.a(altera_nios2_gen2_irq.o)
                                        0x174 (size before relaxing)
 .debug_str     0x0000000000000c90       0x24 ../nuevaPrueba_bsp/\libhal_bsp.a(alt_find_dev.o)
                                        0x204 (size before relaxing)
 .debug_str     0x0000000000000cb4       0x26 ../nuevaPrueba_bsp/\libhal_bsp.a(alt_find_file.o)
                                        0x212 (size before relaxing)
 .debug_str     0x0000000000000cda       0x30 ../nuevaPrueba_bsp/\libhal_bsp.a(alt_get_fd.o)
                                        0x234 (size before relaxing)
 .debug_str     0x0000000000000d0a      0x48b ../nuevaPrueba_bsp/\libhal_bsp.a(alt_instruction_exception_entry.o)
                                        0x5b8 (size before relaxing)
 .debug_str     0x0000000000001195      0x17c c:/intelfpga_lite/17.1/nios2eds/bin/gnu/h-x86_64-mingw32/bin/../lib/gcc/nios2-elf/5.3.0/../../../../../H-x86_64-mingw32/nios2-elf/lib/mno-hw-mul\libc.a(lib_a-atexit.o)
                                        0x221 (size before relaxing)
 .debug_str     0x0000000000001311      0x3b5 c:/intelfpga_lite/17.1/nios2eds/bin/gnu/h-x86_64-mingw32/bin/../lib/gcc/nios2-elf/5.3.0/../../../../../H-x86_64-mingw32/nios2-elf/lib/mno-hw-mul\libc.a(lib_a-exit.o)
                                        0x5be (size before relaxing)
 .debug_str     0x00000000000016c6       0xd6 c:/intelfpga_lite/17.1/nios2eds/bin/gnu/h-x86_64-mingw32/bin/../lib/gcc/nios2-elf/5.3.0/../../../../../H-x86_64-mingw32/nios2-elf/lib/mno-hw-mul\libc.a(lib_a-impure.o)
                                        0x5b5 (size before relaxing)
 .debug_str     0x000000000000179c       0x3f c:/intelfpga_lite/17.1/nios2eds/bin/gnu/h-x86_64-mingw32/bin/../lib/gcc/nios2-elf/5.3.0/../../../../../H-x86_64-mingw32/nios2-elf/lib/mno-hw-mul\libc.a(lib_a-int_errno.o)
                                        0x1dd (size before relaxing)
 .debug_str     0x00000000000017db       0xda c:/intelfpga_lite/17.1/nios2eds/bin/gnu/h-x86_64-mingw32/bin/../lib/gcc/nios2-elf/5.3.0/../../../../../H-x86_64-mingw32/nios2-elf/lib/mno-hw-mul\libc.a(lib_a-memcmp.o)
                                        0x1e4 (size before relaxing)
 .debug_str     0x00000000000018b5       0x6b c:/intelfpga_lite/17.1/nios2eds/bin/gnu/h-x86_64-mingw32/bin/../lib/gcc/nios2-elf/5.3.0/../../../../../H-x86_64-mingw32/nios2-elf/lib/mno-hw-mul\libc.a(lib_a-memcpy.o)
                                        0x20b (size before relaxing)
 .debug_str     0x0000000000001920       0x51 c:/intelfpga_lite/17.1/nios2eds/bin/gnu/h-x86_64-mingw32/bin/../lib/gcc/nios2-elf/5.3.0/../../../../../H-x86_64-mingw32/nios2-elf/lib/mno-hw-mul\libc.a(lib_a-strlen.o)
                                        0x1f7 (size before relaxing)
 .debug_str     0x0000000000001971       0x3f c:/intelfpga_lite/17.1/nios2eds/bin/gnu/h-x86_64-mingw32/bin/../lib/gcc/nios2-elf/5.3.0/../../../../../H-x86_64-mingw32/nios2-elf/lib/mno-hw-mul\libc.a(lib_a-__atexit.o)
                                        0x5f6 (size before relaxing)
 .debug_str     0x00000000000019b0       0x65 c:/intelfpga_lite/17.1/nios2eds/bin/gnu/h-x86_64-mingw32/bin/../lib/gcc/nios2-elf/5.3.0/../../../../../H-x86_64-mingw32/nios2-elf/lib/mno-hw-mul\libc.a(lib_a-__call_atexit.o)
                                        0x5e2 (size before relaxing)
 .debug_str     0x0000000000001a15      0x148 c:/intelfpga_lite/17.1/nios2eds/bin/gnu/h-x86_64-mingw32/bin/../lib/gcc/nios2-elf/5.3.0/mno-hw-mul\libgcc.a(lib2-mul.o)
                                        0x193 (size before relaxing)
 .debug_str     0x0000000000001b5d       0x2a ../nuevaPrueba_bsp/\libhal_bsp.a(alt_exit.o)
                                        0x169 (size before relaxing)

.debug_loc      0x0000000000000000      0x803
 *(.debug_loc)
 .debug_loc     0x0000000000000000       0x2c c:/intelfpga_lite/17.1/nios2eds/bin/gnu/h-x86_64-mingw32/bin/../lib/gcc/nios2-elf/5.3.0/../../../../../H-x86_64-mingw32/nios2-elf/lib/mno-hw-mul\libc.a(lib_a-atexit.o)
 .debug_loc     0x000000000000002c       0x1e c:/intelfpga_lite/17.1/nios2eds/bin/gnu/h-x86_64-mingw32/bin/../lib/gcc/nios2-elf/5.3.0/../../../../../H-x86_64-mingw32/nios2-elf/lib/mno-hw-mul\libc.a(lib_a-exit.o)
 .debug_loc     0x000000000000004a      0x126 c:/intelfpga_lite/17.1/nios2eds/bin/gnu/h-x86_64-mingw32/bin/../lib/gcc/nios2-elf/5.3.0/../../../../../H-x86_64-mingw32/nios2-elf/lib/mno-hw-mul\libc.a(lib_a-memcmp.o)
 .debug_loc     0x0000000000000170      0x266 c:/intelfpga_lite/17.1/nios2eds/bin/gnu/h-x86_64-mingw32/bin/../lib/gcc/nios2-elf/5.3.0/../../../../../H-x86_64-mingw32/nios2-elf/lib/mno-hw-mul\libc.a(lib_a-memcpy.o)
 .debug_loc     0x00000000000003d6       0x47 c:/intelfpga_lite/17.1/nios2eds/bin/gnu/h-x86_64-mingw32/bin/../lib/gcc/nios2-elf/5.3.0/../../../../../H-x86_64-mingw32/nios2-elf/lib/mno-hw-mul\libc.a(lib_a-strlen.o)
 .debug_loc     0x000000000000041d      0x185 c:/intelfpga_lite/17.1/nios2eds/bin/gnu/h-x86_64-mingw32/bin/../lib/gcc/nios2-elf/5.3.0/../../../../../H-x86_64-mingw32/nios2-elf/lib/mno-hw-mul\libc.a(lib_a-__atexit.o)
 .debug_loc     0x00000000000005a2      0x1ce c:/intelfpga_lite/17.1/nios2eds/bin/gnu/h-x86_64-mingw32/bin/../lib/gcc/nios2-elf/5.3.0/../../../../../H-x86_64-mingw32/nios2-elf/lib/mno-hw-mul\libc.a(lib_a-__call_atexit.o)
 .debug_loc     0x0000000000000770       0x93 c:/intelfpga_lite/17.1/nios2eds/bin/gnu/h-x86_64-mingw32/bin/../lib/gcc/nios2-elf/5.3.0/mno-hw-mul\libgcc.a(lib2-mul.o)

.debug_macinfo
 *(.debug_macinfo)

.debug_weaknames
 *(.debug_weaknames)

.debug_funcnames
 *(.debug_funcnames)

.debug_typenames
 *(.debug_typenames)

.debug_varnames
 *(.debug_varnames)

.debug_alt_sim_info
                0x0000000000000000       0x10
 *(.debug_alt_sim_info)
 .debug_alt_sim_info
                0x0000000000000000       0x10 ../nuevaPrueba_bsp//obj/HAL/src/crt0.o
                0x0000000000001000                __alt_data_end = 0x1000
                0x0000000000001000                PROVIDE (__alt_stack_pointer, __alt_data_end)
                [!provide]                        PROVIDE (__alt_stack_limit, __alt_stack_base)
                [!provide]                        PROVIDE (__alt_heap_start, end)
                [!provide]                        PROVIDE (__alt_heap_limit, 0x1000)
OUTPUT(nuevaPrueba.elf elf32-littlenios2)

.debug_ranges   0x0000000000000000      0x178
 .debug_ranges  0x0000000000000000       0x20 ../nuevaPrueba_bsp//obj/HAL/src/crt0.o
 .debug_ranges  0x0000000000000020       0x30 ../nuevaPrueba_bsp/\libhal_bsp.a(altera_avalon_jtag_uart_init.o)
 .debug_ranges  0x0000000000000050       0x18 ../nuevaPrueba_bsp/\libhal_bsp.a(altera_avalon_jtag_uart_read.o)
 .debug_ranges  0x0000000000000068       0x28 ../nuevaPrueba_bsp/\libhal_bsp.a(alt_irq_entry.o)
 .debug_ranges  0x0000000000000090       0x10 ../nuevaPrueba_bsp/\libhal_bsp.a(alt_irq_handler.o)
 .debug_ranges  0x00000000000000a0       0x30 ../nuevaPrueba_bsp/\libhal_bsp.a(alt_exception_entry.o)
 .debug_ranges  0x00000000000000d0       0x18 ../nuevaPrueba_bsp/\libhal_bsp.a(alt_instruction_exception_entry.o)
 .debug_ranges  0x00000000000000e8       0x10 c:/intelfpga_lite/17.1/nios2eds/bin/gnu/h-x86_64-mingw32/bin/../lib/gcc/nios2-elf/5.3.0/../../../../../H-x86_64-mingw32/nios2-elf/lib/mno-hw-mul\libc.a(lib_a-atexit.o)
 .debug_ranges  0x00000000000000f8       0x10 c:/intelfpga_lite/17.1/nios2eds/bin/gnu/h-x86_64-mingw32/bin/../lib/gcc/nios2-elf/5.3.0/../../../../../H-x86_64-mingw32/nios2-elf/lib/mno-hw-mul\libc.a(lib_a-exit.o)
 .debug_ranges  0x0000000000000108       0x10 c:/intelfpga_lite/17.1/nios2eds/bin/gnu/h-x86_64-mingw32/bin/../lib/gcc/nios2-elf/5.3.0/../../../../../H-x86_64-mingw32/nios2-elf/lib/mno-hw-mul\libc.a(lib_a-memcmp.o)
 .debug_ranges  0x0000000000000118       0x10 c:/intelfpga_lite/17.1/nios2eds/bin/gnu/h-x86_64-mingw32/bin/../lib/gcc/nios2-elf/5.3.0/../../../../../H-x86_64-mingw32/nios2-elf/lib/mno-hw-mul\libc.a(lib_a-memcpy.o)
 .debug_ranges  0x0000000000000128       0x10 c:/intelfpga_lite/17.1/nios2eds/bin/gnu/h-x86_64-mingw32/bin/../lib/gcc/nios2-elf/5.3.0/../../../../../H-x86_64-mingw32/nios2-elf/lib/mno-hw-mul\libc.a(lib_a-strlen.o)
 .debug_ranges  0x0000000000000138       0x10 c:/intelfpga_lite/17.1/nios2eds/bin/gnu/h-x86_64-mingw32/bin/../lib/gcc/nios2-elf/5.3.0/../../../../../H-x86_64-mingw32/nios2-elf/lib/mno-hw-mul\libc.a(lib_a-__atexit.o)
 .debug_ranges  0x0000000000000148       0x30 c:/intelfpga_lite/17.1/nios2eds/bin/gnu/h-x86_64-mingw32/bin/../lib/gcc/nios2-elf/5.3.0/../../../../../H-x86_64-mingw32/nios2-elf/lib/mno-hw-mul\libc.a(lib_a-__call_atexit.o)
