------------------------------------------------------------
TimeQuest Timing Analyzer Summary
------------------------------------------------------------

Type  : Slow 1100mV 100C Model Setup 'FPGA_CLK1_50'
Slack : -0.425
TNS   : -4.782

Type  : Slow 1100mV 100C Model Hold 'FPGA_CLK1_50'
Slack : 0.332
TNS   : 0.000

Type  : Slow 1100mV 100C Model Minimum Pulse Width 'FPGA_CLK1_50'
Slack : -0.538
TNS   : -11.702

Type  : Slow 1100mV -40C Model Setup 'FPGA_CLK1_50'
Slack : -0.509
TNS   : -5.769

Type  : Slow 1100mV -40C Model Hold 'FPGA_CLK1_50'
Slack : 0.321
TNS   : 0.000

Type  : Slow 1100mV -40C Model Minimum Pulse Width 'FPGA_CLK1_50'
Slack : -0.538
TNS   : -12.633

Type  : Fast 1100mV 100C Model Setup 'FPGA_CLK1_50'
Slack : 0.295
TNS   : 0.000

Type  : Fast 1100mV 100C Model Hold 'FPGA_CLK1_50'
Slack : 0.172
TNS   : 0.000

Type  : Fast 1100mV 100C Model Minimum Pulse Width 'FPGA_CLK1_50'
Slack : -0.089
TNS   : -1.327

Type  : Fast 1100mV -40C Model Setup 'FPGA_CLK1_50'
Slack : 0.335
TNS   : 0.000

Type  : Fast 1100mV -40C Model Hold 'FPGA_CLK1_50'
Slack : 0.151
TNS   : 0.000

Type  : Fast 1100mV -40C Model Minimum Pulse Width 'FPGA_CLK1_50'
Slack : -0.089
TNS   : -1.323

------------------------------------------------------------
