------------------------------------------------------------
Timing Analyzer Summary
------------------------------------------------------------

Type  : Slow 1100mV 100C Model Setup 'clk'
Slack : -61.291
TNS   : -9836.778

Type  : Slow 1100mV 100C Model Hold 'clk'
Slack : 0.440
TNS   : 0.000

Type  : Slow 1100mV 100C Model Minimum Pulse Width 'clk'
Slack : -0.538
TNS   : -152.708

Type  : Slow 1100mV -40C Model Setup 'clk'
Slack : -64.699
TNS   : -10308.101

Type  : Slow 1100mV -40C Model Hold 'clk'
Slack : 0.458
TNS   : 0.000

Type  : Slow 1100mV -40C Model Minimum Pulse Width 'clk'
Slack : -0.538
TNS   : -164.069

Type  : Fast 1100mV 100C Model Setup 'clk'
Slack : -29.551
TNS   : -4768.612

Type  : Fast 1100mV 100C Model Hold 'clk'
Slack : 0.180
TNS   : 0.000

Type  : Fast 1100mV 100C Model Minimum Pulse Width 'clk'
Slack : -0.094
TNS   : -16.758

Type  : Fast 1100mV -40C Model Setup 'clk'
Slack : -26.881
TNS   : -4318.214

Type  : Fast 1100mV -40C Model Hold 'clk'
Slack : 0.169
TNS   : 0.000

Type  : Fast 1100mV -40C Model Minimum Pulse Width 'clk'
Slack : -0.091
TNS   : -16.775

------------------------------------------------------------
